time="2022-02-25T22:31:01Z" level=info msg="nsp.nspOsIP :thalesnsp.ion.de.alcatel-lucent.com"
time="2022-02-25T22:31:01Z" level=info msg="nsp.nspIprcIP :thalesnsp.ion.de.alcatel-lucent.com"
time="2022-02-25T22:31:01Z" level=info msg="nsp.Username :admin"
time="2022-02-25T22:31:01Z" level=info msg="nsp.Password :NokiaNsp1!"
time="2022-02-25T22:31:01Z" level=info msg="nsp.linetoken :DefaultLineTokenValue"
time="2022-02-25T22:31:01Z" level=info msg="YWRtaW46Tm9raWFOc3AxIQ=="
time="2022-02-25T22:31:02Z" level=info msg="get token is success: true"
time="2022-02-25T22:31:02Z" level=info msg="nsp.linetoken_NEW :VEtOLWFkbWluNGZjMGMxMjMtZmEwMC00MmVkLWExZWItYzM5YzUyMjNhZWMx"
time="2022-02-25T22:31:03Z" level=info msg="Number of Targeted NE: 300"
time="2022-02-25T22:31:03Z" level=info msg="Payload Size(bytes): 233652"
time="2022-02-25T22:31:03Z" level=info msg="Start Time Concurrent Request: 2022-02-25 22:31:03.607893776 +0000 UTC m=+1.707387962"
time="2022-02-25T22:31:03Z" level=info msg="Number of Concurrent Requests: 300"
time="2022-02-25T22:31:03Z" level=info msg="Sending Request: 10.6.31.2 via :8548/mdm-config-app/proxy/v1/restconf/"
time="2022-02-25T22:31:03Z" level=info msg="Sending Request: 10.6.31.9 via :8548/mdm-config-app/proxy/v1/restconf/"
time="2022-02-25T22:31:03Z" level=info msg="Sending Request: 10.6.31.5 via :8548/mdm-config-app/proxy/v1/restconf/"
time="2022-02-25T22:31:03Z" level=info msg="Sending Request: 10.6.31.11 via :8548/mdm-config-app/proxy/v1/restconf/"
time="2022-02-25T22:31:03Z" level=info msg="Sending Request: 10.6.31.13 via :8548/mdm-config-app/proxy/v1/restconf/"
time="2022-02-25T22:31:03Z" level=info msg="Sending Request: 10.6.31.4 via :8548/mdm-config-app/proxy/v1/restconf/"
time="2022-02-25T22:31:03Z" level=info msg="Sending Request: 10.6.31.3 via :8548/mdm-config-app/proxy/v1/restconf/"
time="2022-02-25T22:31:03Z" level=info msg="Sending Request: 10.6.31.6 via :8548/mdm-config-app/proxy/v1/restconf/"
time="2022-02-25T22:31:03Z" level=info msg="Sending Request: 10.6.31.20 via :8548/mdm-config-app/proxy/v1/restconf/"
time="2022-02-25T22:31:03Z" level=info msg="Sending Request: 10.6.31.7 via :8548/mdm-config-app/proxy/v1/restconf/"
time="2022-02-25T22:31:03Z" level=info msg="Sending Request: 10.6.31.31 via :8548/mdm-config-app/proxy/v1/restconf/"
time="2022-02-25T22:31:03Z" level=info msg="Sending Request: 10.6.30.50 via :8548/mdm-config-app/proxy/v1/restconf/"
time="2022-02-25T22:31:03Z" level=info msg="Sending Request: 10.6.31.39 via :8548/mdm-config-app/proxy/v1/restconf/"
time="2022-02-25T22:31:03Z" level=info msg="Sending Request: 10.6.31.55 via :8548/mdm-config-app/proxy/v1/restconf/"
time="2022-02-25T22:31:03Z" level=info msg="Sending Request: 10.6.31.10 via :8548/mdm-config-app/proxy/v1/restconf/"
time="2022-02-25T22:31:03Z" level=info msg="Sending Request: 10.6.31.38 via :8548/mdm-config-app/proxy/v1/restconf/"
time="2022-02-25T22:31:03Z" level=info msg="Sending Request: 10.6.31.60 via :8548/mdm-config-app/proxy/v1/restconf/"
time="2022-02-25T22:31:03Z" level=info msg="Sending Request: 10.6.30.65 via :8548/mdm-config-app/proxy/v1/restconf/"
time="2022-02-25T22:31:03Z" level=info msg="Sending Request: 10.6.31.92 via :8548/mdm-config-app/proxy/v1/restconf/"
time="2022-02-25T22:31:03Z" level=info msg="Sending Request: 10.6.30.173 via :8548/mdm-config-app/proxy/v1/restconf/"
time="2022-02-25T22:31:03Z" level=info msg="Sending Request: 10.6.30.59 via :8548/mdm-config-app/proxy/v1/restconf/"
time="2022-02-25T22:31:03Z" level=info msg="Sending Request: 10.6.30.178 via :8548/mdm-config-app/proxy/v1/restconf/"
time="2022-02-25T22:31:03Z" level=info msg="Sending Request: 10.6.30.75 via :8548/mdm-config-app/proxy/v1/restconf/"
time="2022-02-25T22:31:03Z" level=info msg="Sending Request: 10.6.31.93 via :8548/mdm-config-app/proxy/v1/restconf/"
time="2022-02-25T22:31:03Z" level=info msg="Sending Request: 10.6.30.179 via :8548/mdm-config-app/proxy/v1/restconf/"
time="2022-02-25T22:31:03Z" level=info msg="Sending Request: 10.6.31.123 via :8548/mdm-config-app/proxy/v1/restconf/"
time="2022-02-25T22:31:03Z" level=info msg="Sending Request: 10.6.30.185 via :8548/mdm-config-app/proxy/v1/restconf/"
time="2022-02-25T22:31:03Z" level=info msg="Sending Request: 10.6.31.132 via :8548/mdm-config-app/proxy/v1/restconf/"
time="2022-02-25T22:31:03Z" level=info msg="Sending Request: 10.6.30.183 via :8548/mdm-config-app/proxy/v1/restconf/"
time="2022-02-25T22:31:03Z" level=info msg="Sending Request: 10.6.31.27 via :8548/mdm-config-app/proxy/v1/restconf/"
time="2022-02-25T22:31:03Z" level=info msg="Sending Request: 10.6.30.145 via :8548/mdm-config-app/proxy/v1/restconf/"
time="2022-02-25T22:31:03Z" level=info msg="Sending Request: 10.6.31.51 via :8548/mdm-config-app/proxy/v1/restconf/"
time="2022-02-25T22:31:03Z" level=info msg="Sending Request: 10.6.31.42 via :8548/mdm-config-app/proxy/v1/restconf/"
time="2022-02-25T22:31:03Z" level=info msg="Sending Request: 10.6.31.12 via :8548/mdm-config-app/proxy/v1/restconf/"
time="2022-02-25T22:31:03Z" level=info msg="Sending Request: 10.6.31.54 via :8548/mdm-config-app/proxy/v1/restconf/"
time="2022-02-25T22:31:03Z" level=info msg="Sending Request: 10.6.31.52 via :8548/mdm-config-app/proxy/v1/restconf/"
time="2022-02-25T22:31:03Z" level=info msg="Sending Request: 10.6.31.59 via :8548/mdm-config-app/proxy/v1/restconf/"
time="2022-02-25T22:31:03Z" level=info msg="Sending Request: 10.6.31.50 via :8548/mdm-config-app/proxy/v1/restconf/"
time="2022-02-25T22:31:03Z" level=info msg="Sending Request: 10.6.31.61 via :8548/mdm-config-app/proxy/v1/restconf/"
time="2022-02-25T22:31:03Z" level=info msg="Sending Request: 10.6.31.33 via :8548/mdm-config-app/proxy/v1/restconf/"
time="2022-02-25T22:31:03Z" level=info msg="Sending Request: 10.6.31.41 via :8548/mdm-config-app/proxy/v1/restconf/"
time="2022-02-25T22:31:03Z" level=info msg="Sending Request: 10.6.31.36 via :8548/mdm-config-app/proxy/v1/restconf/"
time="2022-02-25T22:31:03Z" level=info msg="Sending Request: 10.6.31.45 via :8548/mdm-config-app/proxy/v1/restconf/"
time="2022-02-25T22:31:03Z" level=info msg="Sending Request: 10.6.31.22 via :8548/mdm-config-app/proxy/v1/restconf/"
time="2022-02-25T22:31:03Z" level=info msg="Sending Request: 10.6.31.15 via :8548/mdm-config-app/proxy/v1/restconf/"
time="2022-02-25T22:31:03Z" level=info msg="Sending Request: 10.6.31.21 via :8548/mdm-config-app/proxy/v1/restconf/"
time="2022-02-25T22:31:03Z" level=info msg="Sending Request: 10.6.31.14 via :8548/mdm-config-app/proxy/v1/restconf/"
time="2022-02-25T22:31:03Z" level=info msg="Sending Request: 10.6.30.2 via :8548/mdm-config-app/proxy/v1/restconf/"
time="2022-02-25T22:31:03Z" level=info msg="Sending Request: 10.6.30.7 via :8548/mdm-config-app/proxy/v1/restconf/"
time="2022-02-25T22:31:03Z" level=info msg="Sending Request: 10.6.31.43 via :8548/mdm-config-app/proxy/v1/restconf/"
time="2022-02-25T22:31:03Z" level=info msg="Sending Request: 10.6.31.48 via :8548/mdm-config-app/proxy/v1/restconf/"
time="2022-02-25T22:31:03Z" level=info msg="Sending Request: 10.6.30.5 via :8548/mdm-config-app/proxy/v1/restconf/"
time="2022-02-25T22:31:03Z" level=info msg="Sending Request: 10.6.31.32 via :8548/mdm-config-app/proxy/v1/restconf/"
time="2022-02-25T22:31:03Z" level=info msg="Sending Request: 10.6.30.6 via :8548/mdm-config-app/proxy/v1/restconf/"
time="2022-02-25T22:31:03Z" level=info msg="Sending Request: 10.6.31.16 via :8548/mdm-config-app/proxy/v1/restconf/"
time="2022-02-25T22:31:03Z" level=info msg="Sending Request: 10.6.30.8 via :8548/mdm-config-app/proxy/v1/restconf/"
time="2022-02-25T22:31:03Z" level=info msg="Sending Request: 10.6.30.9 via :8548/mdm-config-app/proxy/v1/restconf/"
time="2022-02-25T22:31:03Z" level=info msg="Sending Request: 10.6.31.19 via :8548/mdm-config-app/proxy/v1/restconf/"
time="2022-02-25T22:31:03Z" level=info msg="Sending Request: 10.6.31.46 via :8548/mdm-config-app/proxy/v1/restconf/"
time="2022-02-25T22:31:03Z" level=info msg="Sending Request: 10.6.30.12 via :8548/mdm-config-app/proxy/v1/restconf/"
time="2022-02-25T22:31:03Z" level=info msg="Sending Request: 10.6.31.18 via :8548/mdm-config-app/proxy/v1/restconf/"
time="2022-02-25T22:31:03Z" level=info msg="Sending Request: 10.6.30.47 via :8548/mdm-config-app/proxy/v1/restconf/"
time="2022-02-25T22:31:03Z" level=info msg="Sending Request: 10.6.30.3 via :8548/mdm-config-app/proxy/v1/restconf/"
time="2022-02-25T22:31:03Z" level=info msg="Sending Request: 10.6.31.34 via :8548/mdm-config-app/proxy/v1/restconf/"
time="2022-02-25T22:31:03Z" level=info msg="Sending Request: 10.6.31.62 via :8548/mdm-config-app/proxy/v1/restconf/"
time="2022-02-25T22:31:03Z" level=info msg="Sending Request: 10.6.30.4 via :8548/mdm-config-app/proxy/v1/restconf/"
time="2022-02-25T22:31:03Z" level=info msg="Sending Request: 10.6.31.56 via :8548/mdm-config-app/proxy/v1/restconf/"
time="2022-02-25T22:31:03Z" level=info msg="Sending Request: 10.6.30.72 via :8548/mdm-config-app/proxy/v1/restconf/"
time="2022-02-25T22:31:03Z" level=info msg="Sending Request: 10.6.30.49 via :8548/mdm-config-app/proxy/v1/restconf/"
time="2022-02-25T22:31:03Z" level=info msg="Sending Request: 10.6.30.38 via :8548/mdm-config-app/proxy/v1/restconf/"
time="2022-02-25T22:31:03Z" level=info msg="Sending Request: 10.6.31.53 via :8548/mdm-config-app/proxy/v1/restconf/"
time="2022-02-25T22:31:03Z" level=info msg="Sending Request: 10.6.31.40 via :8548/mdm-config-app/proxy/v1/restconf/"
time="2022-02-25T22:31:03Z" level=info msg="Sending Request: 10.6.30.27 via :8548/mdm-config-app/proxy/v1/restconf/"
time="2022-02-25T22:31:03Z" level=info msg="Sending Request: 10.6.31.28 via :8548/mdm-config-app/proxy/v1/restconf/"
time="2022-02-25T22:31:03Z" level=info msg="Sending Request: 10.6.30.68 via :8548/mdm-config-app/proxy/v1/restconf/"
time="2022-02-25T22:31:03Z" level=info msg="Sending Request: 10.6.31.49 via :8548/mdm-config-app/proxy/v1/restconf/"
time="2022-02-25T22:31:03Z" level=info msg="Sending Request: 10.6.30.87 via :8548/mdm-config-app/proxy/v1/restconf/"
time="2022-02-25T22:31:03Z" level=info msg="Sending Request: 10.6.30.69 via :8548/mdm-config-app/proxy/v1/restconf/"
time="2022-02-25T22:31:03Z" level=info msg="Sending Request: 10.6.31.25 via :8548/mdm-config-app/proxy/v1/restconf/"
time="2022-02-25T22:31:03Z" level=info msg="Sending Request: 10.6.31.35 via :8548/mdm-config-app/proxy/v1/restconf/"
time="2022-02-25T22:31:03Z" level=info msg="Sending Request: 10.6.30.55 via :8548/mdm-config-app/proxy/v1/restconf/"
time="2022-02-25T22:31:03Z" level=info msg="Sending Request: 10.6.31.29 via :8548/mdm-config-app/proxy/v1/restconf/"
time="2022-02-25T22:31:03Z" level=info msg="Sending Request: 10.6.30.62 via :8548/mdm-config-app/proxy/v1/restconf/"
time="2022-02-25T22:31:03Z" level=info msg="Sending Request: 10.6.30.64 via :8548/mdm-config-app/proxy/v1/restconf/"
time="2022-02-25T22:31:03Z" level=info msg="Sending Request: 10.6.31.23 via :8548/mdm-config-app/proxy/v1/restconf/"
time="2022-02-25T22:31:03Z" level=info msg="Sending Request: 10.6.31.37 via :8548/mdm-config-app/proxy/v1/restconf/"
time="2022-02-25T22:31:03Z" level=info msg="Sending Request: 10.6.30.56 via :8548/mdm-config-app/proxy/v1/restconf/"
time="2022-02-25T22:31:03Z" level=info msg="Sending Request: 10.6.31.24 via :8548/mdm-config-app/proxy/v1/restconf/"
time="2022-02-25T22:31:03Z" level=info msg="Sending Request: 10.6.30.91 via :8548/mdm-config-app/proxy/v1/restconf/"
time="2022-02-25T22:31:03Z" level=info msg="Sending Request: 10.6.31.47 via :8548/mdm-config-app/proxy/v1/restconf/"
time="2022-02-25T22:31:03Z" level=info msg="Sending Request: 10.6.30.45 via :8548/mdm-config-app/proxy/v1/restconf/"
time="2022-02-25T22:31:03Z" level=info msg="Sending Request: 10.6.30.58 via :8548/mdm-config-app/proxy/v1/restconf/"
time="2022-02-25T22:31:03Z" level=info msg="Sending Request: 10.6.31.57 via :8548/mdm-config-app/proxy/v1/restconf/"
time="2022-02-25T22:31:03Z" level=info msg="Sending Request: 10.6.30.28 via :8548/mdm-config-app/proxy/v1/restconf/"
time="2022-02-25T22:31:03Z" level=info msg="Sending Request: 10.6.30.29 via :8548/mdm-config-app/proxy/v1/restconf/"
time="2022-02-25T22:31:03Z" level=info msg="Sending Request: 10.6.30.32 via :8548/mdm-config-app/proxy/v1/restconf/"
time="2022-02-25T22:31:03Z" level=info msg="Sending Request: 10.6.30.79 via :8548/mdm-config-app/proxy/v1/restconf/"
time="2022-02-25T22:31:03Z" level=info msg="Sending Request: 10.6.30.60 via :8548/mdm-config-app/proxy/v1/restconf/"
time="2022-02-25T22:31:03Z" level=info msg="Sending Request: 10.6.30.78 via :8548/mdm-config-app/proxy/v1/restconf/"
time="2022-02-25T22:31:03Z" level=info msg="Sending Request: 10.6.30.54 via :8548/mdm-config-app/proxy/v1/restconf/"
time="2022-02-25T22:31:03Z" level=info msg="Sending Request: 10.6.30.14 via :8548/mdm-config-app/proxy/v1/restconf/"
time="2022-02-25T22:31:03Z" level=info msg="Sending Request: 10.6.30.20 via :8548/mdm-config-app/proxy/v1/restconf/"
time="2022-02-25T22:31:03Z" level=info msg="Sending Request: 10.6.30.44 via :8548/mdm-config-app/proxy/v1/restconf/"
time="2022-02-25T22:31:03Z" level=info msg="Sending Request: 10.6.30.63 via :8548/mdm-config-app/proxy/v1/restconf/"
time="2022-02-25T22:31:03Z" level=info msg="Sending Request: 10.6.30.99 via :8548/mdm-config-app/proxy/v1/restconf/"
time="2022-02-25T22:31:03Z" level=info msg="Sending Request: 10.6.30.96 via :8548/mdm-config-app/proxy/v1/restconf/"
time="2022-02-25T22:31:03Z" level=info msg="Sending Request: 10.6.30.31 via :8548/mdm-config-app/proxy/v1/restconf/"
time="2022-02-25T22:31:03Z" level=info msg="Sending Request: 10.6.30.116 via :8548/mdm-config-app/proxy/v1/restconf/"
time="2022-02-25T22:31:03Z" level=info msg="Sending Request: 10.6.30.101 via :8548/mdm-config-app/proxy/v1/restconf/"
time="2022-02-25T22:31:03Z" level=info msg="Sending Request: 10.6.30.53 via :8548/mdm-config-app/proxy/v1/restconf/"
time="2022-02-25T22:31:03Z" level=info msg="Sending Request: 10.6.30.51 via :8548/mdm-config-app/proxy/v1/restconf/"
time="2022-02-25T22:31:03Z" level=info msg="Sending Request: 10.6.30.46 via :8548/mdm-config-app/proxy/v1/restconf/"
time="2022-02-25T22:31:03Z" level=info msg="Sending Request: 10.6.30.17 via :8548/mdm-config-app/proxy/v1/restconf/"
time="2022-02-25T22:31:03Z" level=info msg="Sending Request: 10.6.30.37 via :8548/mdm-config-app/proxy/v1/restconf/"
time="2022-02-25T22:31:03Z" level=info msg="Sending Request: 10.6.30.70 via :8548/mdm-config-app/proxy/v1/restconf/"
time="2022-02-25T22:31:03Z" level=info msg="Sending Request: 10.6.30.42 via :8548/mdm-config-app/proxy/v1/restconf/"
time="2022-02-25T22:31:03Z" level=info msg="Sending Request: 10.6.30.100 via :8548/mdm-config-app/proxy/v1/restconf/"
time="2022-02-25T22:31:03Z" level=info msg="Sending Request: 10.6.30.85 via :8548/mdm-config-app/proxy/v1/restconf/"
time="2022-02-25T22:31:03Z" level=info msg="Sending Request: 10.6.30.90 via :8548/mdm-config-app/proxy/v1/restconf/"
time="2022-02-25T22:31:03Z" level=info msg="Sending Request: 10.6.30.82 via :8548/mdm-config-app/proxy/v1/restconf/"
time="2022-02-25T22:31:03Z" level=info msg="Sending Request: 10.6.30.43 via :8548/mdm-config-app/proxy/v1/restconf/"
time="2022-02-25T22:31:03Z" level=info msg="Sending Request: 10.6.30.40 via :8548/mdm-config-app/proxy/v1/restconf/"
time="2022-02-25T22:31:03Z" level=info msg="Sending Request: 10.6.30.73 via :8548/mdm-config-app/proxy/v1/restconf/"
time="2022-02-25T22:31:03Z" level=info msg="Sending Request: 10.6.30.61 via :8548/mdm-config-app/proxy/v1/restconf/"
time="2022-02-25T22:31:03Z" level=info msg="Sending Request: 10.6.30.106 via :8548/mdm-config-app/proxy/v1/restconf/"
time="2022-02-25T22:31:03Z" level=info msg="Sending Request: 10.6.30.24 via :8548/mdm-config-app/proxy/v1/restconf/"
time="2022-02-25T22:31:03Z" level=info msg="Sending Request: 10.6.30.19 via :8548/mdm-config-app/proxy/v1/restconf/"
time="2022-02-25T22:31:03Z" level=info msg="Sending Request: 10.6.30.35 via :8548/mdm-config-app/proxy/v1/restconf/"
time="2022-02-25T22:31:03Z" level=info msg="Sending Request: 10.6.30.39 via :8548/mdm-config-app/proxy/v1/restconf/"
time="2022-02-25T22:31:03Z" level=info msg="Sending Request: 10.6.30.57 via :8548/mdm-config-app/proxy/v1/restconf/"
time="2022-02-25T22:31:03Z" level=info msg="Sending Request: 10.6.30.95 via :8548/mdm-config-app/proxy/v1/restconf/"
time="2022-02-25T22:31:03Z" level=info msg="Sending Request: 10.6.30.21 via :8548/mdm-config-app/proxy/v1/restconf/"
time="2022-02-25T22:31:03Z" level=info msg="Sending Request: 10.6.30.102 via :8548/mdm-config-app/proxy/v1/restconf/"
time="2022-02-25T22:31:03Z" level=info msg="Sending Request: 10.6.30.36 via :8548/mdm-config-app/proxy/v1/restconf/"
time="2022-02-25T22:31:03Z" level=info msg="Sending Request: 10.6.30.76 via :8548/mdm-config-app/proxy/v1/restconf/"
time="2022-02-25T22:31:03Z" level=info msg="Sending Request: 10.6.30.34 via :8548/mdm-config-app/proxy/v1/restconf/"
time="2022-02-25T22:31:03Z" level=info msg="Sending Request: 10.6.30.13 via :8548/mdm-config-app/proxy/v1/restconf/"
time="2022-02-25T22:31:03Z" level=info msg="Sending Request: 10.6.30.89 via :8548/mdm-config-app/proxy/v1/restconf/"
time="2022-02-25T22:31:03Z" level=info msg="Sending Request: 10.6.30.25 via :8548/mdm-config-app/proxy/v1/restconf/"
time="2022-02-25T22:31:03Z" level=info msg="Sending Request: 10.6.30.107 via :8548/mdm-config-app/proxy/v1/restconf/"
time="2022-02-25T22:31:03Z" level=info msg="Sending Request: 10.6.30.77 via :8548/mdm-config-app/proxy/v1/restconf/"
time="2022-02-25T22:31:03Z" level=info msg="Sending Request: 10.6.30.26 via :8548/mdm-config-app/proxy/v1/restconf/"
time="2022-02-25T22:31:03Z" level=info msg="Sending Request: 10.6.30.41 via :8548/mdm-config-app/proxy/v1/restconf/"
time="2022-02-25T22:31:03Z" level=info msg="Sending Request: 10.6.31.115 via :8548/mdm-config-app/proxy/v1/restconf/"
time="2022-02-25T22:31:03Z" level=info msg="Sending Request: 10.6.30.10 via :8548/mdm-config-app/proxy/v1/restconf/"
time="2022-02-25T22:31:03Z" level=info msg="Sending Request: 10.6.31.17 via :8548/mdm-config-app/proxy/v1/restconf/"
time="2022-02-25T22:31:03Z" level=info msg="Sending Request: 10.6.30.66 via :8548/mdm-config-app/proxy/v1/restconf/"
time="2022-02-25T22:31:03Z" level=info msg="Sending Request: 10.6.30.15 via :8548/mdm-config-app/proxy/v1/restconf/"
time="2022-02-25T22:31:03Z" level=info msg="Sending Request: 10.6.30.16 via :8548/mdm-config-app/proxy/v1/restconf/"
time="2022-02-25T22:31:03Z" level=info msg="Sending Request: 10.6.30.172 via :8548/mdm-config-app/proxy/v1/restconf/"
time="2022-02-25T22:31:03Z" level=info msg="Sending Request: 10.6.31.26 via :8548/mdm-config-app/proxy/v1/restconf/"
time="2022-02-25T22:31:03Z" level=info msg="Sending Request: 10.6.30.97 via :8548/mdm-config-app/proxy/v1/restconf/"
time="2022-02-25T22:31:03Z" level=info msg="Sending Request: 10.6.30.52 via :8548/mdm-config-app/proxy/v1/restconf/"
time="2022-02-25T22:31:03Z" level=info msg="Sending Request: 10.6.30.18 via :8548/mdm-config-app/proxy/v1/restconf/"
time="2022-02-25T22:31:03Z" level=info msg="Sending Request: 10.6.30.111 via :8548/mdm-config-app/proxy/v1/restconf/"
time="2022-02-25T22:31:03Z" level=info msg="Sending Request: 10.6.30.124 via :8548/mdm-config-app/proxy/v1/restconf/"
time="2022-02-25T22:31:03Z" level=info msg="Sending Request: 10.6.30.88 via :8548/mdm-config-app/proxy/v1/restconf/"
time="2022-02-25T22:31:03Z" level=info msg="Sending Request: 10.6.30.98 via :8548/mdm-config-app/proxy/v1/restconf/"
time="2022-02-25T22:31:03Z" level=info msg="Sending Request: 10.6.30.33 via :8548/mdm-config-app/proxy/v1/restconf/"
time="2022-02-25T22:31:03Z" level=info msg="Sending Request: 10.6.30.108 via :8548/mdm-config-app/proxy/v1/restconf/"
time="2022-02-25T22:31:03Z" level=info msg="Sending Request: 10.6.31.44 via :8548/mdm-config-app/proxy/v1/restconf/"
time="2022-02-25T22:31:03Z" level=info msg="Sending Request: 10.6.30.92 via :8548/mdm-config-app/proxy/v1/restconf/"
time="2022-02-25T22:31:03Z" level=info msg="Sending Request: 10.6.30.139 via :8548/mdm-config-app/proxy/v1/restconf/"
time="2022-02-25T22:31:03Z" level=info msg="Sending Request: 10.6.30.67 via :8548/mdm-config-app/proxy/v1/restconf/"
time="2022-02-25T22:31:03Z" level=info msg="Sending Request: 10.6.30.48 via :8548/mdm-config-app/proxy/v1/restconf/"
time="2022-02-25T22:31:03Z" level=info msg="Sending Request: 10.6.30.133 via :8548/mdm-config-app/proxy/v1/restconf/"
time="2022-02-25T22:31:03Z" level=info msg="Sending Request: 10.6.30.30 via :8548/mdm-config-app/proxy/v1/restconf/"
time="2022-02-25T22:31:03Z" level=info msg="Sending Request: 10.6.30.127 via :8548/mdm-config-app/proxy/v1/restconf/"
time="2022-02-25T22:31:03Z" level=info msg="Sending Request: 10.6.30.143 via :8548/mdm-config-app/proxy/v1/restconf/"
time="2022-02-25T22:31:03Z" level=info msg="Sending Request: 10.6.30.80 via :8548/mdm-config-app/proxy/v1/restconf/"
time="2022-02-25T22:31:03Z" level=info msg="Sending Request: 10.6.30.84 via :8548/mdm-config-app/proxy/v1/restconf/"
time="2022-02-25T22:31:03Z" level=info msg="Sending Request: 10.6.30.152 via :8548/mdm-config-app/proxy/v1/restconf/"
time="2022-02-25T22:31:03Z" level=info msg="Sending Request: 10.6.30.132 via :8548/mdm-config-app/proxy/v1/restconf/"
time="2022-02-25T22:31:03Z" level=info msg="Sending Request: 10.6.30.147 via :8548/mdm-config-app/proxy/v1/restconf/"
time="2022-02-25T22:31:03Z" level=info msg="Sending Request: 10.6.30.94 via :8548/mdm-config-app/proxy/v1/restconf/"
time="2022-02-25T22:31:03Z" level=info msg="Sending Request: 10.6.30.104 via :8548/mdm-config-app/proxy/v1/restconf/"
time="2022-02-25T22:31:03Z" level=info msg="Sending Request: 10.6.30.154 via :8548/mdm-config-app/proxy/v1/restconf/"
time="2022-02-25T22:31:03Z" level=info msg="Sending Request: 10.6.30.165 via :8548/mdm-config-app/proxy/v1/restconf/"
time="2022-02-25T22:31:03Z" level=info msg="Sending Request: 10.6.30.71 via :8548/mdm-config-app/proxy/v1/restconf/"
time="2022-02-25T22:31:03Z" level=info msg="Sending Request: 10.6.30.142 via :8548/mdm-config-app/proxy/v1/restconf/"
time="2022-02-25T22:31:03Z" level=info msg="Sending Request: 10.6.30.81 via :8548/mdm-config-app/proxy/v1/restconf/"
time="2022-02-25T22:31:03Z" level=info msg="Sending Request: 10.6.30.163 via :8548/mdm-config-app/proxy/v1/restconf/"
time="2022-02-25T22:31:03Z" level=info msg="Sending Request: 10.6.30.115 via :8548/mdm-config-app/proxy/v1/restconf/"
time="2022-02-25T22:31:03Z" level=info msg="Sending Request: 10.6.30.112 via :8548/mdm-config-app/proxy/v1/restconf/"
time="2022-02-25T22:31:03Z" level=info msg="Sending Request: 10.6.30.150 via :8548/mdm-config-app/proxy/v1/restconf/"
time="2022-02-25T22:31:03Z" level=info msg="Sending Request: 10.6.30.158 via :8548/mdm-config-app/proxy/v1/restconf/"
time="2022-02-25T22:31:03Z" level=info msg="Sending Request: 10.6.30.153 via :8548/mdm-config-app/proxy/v1/restconf/"
time="2022-02-25T22:31:03Z" level=info msg="Sending Request: 10.6.30.86 via :8548/mdm-config-app/proxy/v1/restconf/"
time="2022-02-25T22:31:03Z" level=info msg="Sending Request: 10.6.30.161 via :8548/mdm-config-app/proxy/v1/restconf/"
time="2022-02-25T22:31:03Z" level=info msg="Sending Request: 10.6.30.125 via :8548/mdm-config-app/proxy/v1/restconf/"
time="2022-02-25T22:31:03Z" level=info msg="Sending Request: 10.6.30.171 via :8548/mdm-config-app/proxy/v1/restconf/"
time="2022-02-25T22:31:03Z" level=info msg="Sending Request: 10.6.30.109 via :8548/mdm-config-app/proxy/v1/restconf/"
time="2022-02-25T22:31:03Z" level=info msg="Sending Request: 10.6.30.131 via :8548/mdm-config-app/proxy/v1/restconf/"
time="2022-02-25T22:31:03Z" level=info msg="Sending Request: 10.6.30.118 via :8548/mdm-config-app/proxy/v1/restconf/"
time="2022-02-25T22:31:03Z" level=info msg="Sending Request: 10.6.30.110 via :8548/mdm-config-app/proxy/v1/restconf/"
time="2022-02-25T22:31:03Z" level=info msg="Sending Request: 10.6.30.151 via :8548/mdm-config-app/proxy/v1/restconf/"
time="2022-02-25T22:31:03Z" level=info msg="Sending Request: 10.6.30.119 via :8548/mdm-config-app/proxy/v1/restconf/"
time="2022-02-25T22:31:03Z" level=info msg="Sending Request: 10.6.30.141 via :8548/mdm-config-app/proxy/v1/restconf/"
time="2022-02-25T22:31:03Z" level=info msg="Sending Request: 10.6.30.83 via :8548/mdm-config-app/proxy/v1/restconf/"
time="2022-02-25T22:31:03Z" level=info msg="Sending Request: 10.6.30.162 via :8548/mdm-config-app/proxy/v1/restconf/"
time="2022-02-25T22:31:03Z" level=info msg="Sending Request: 10.6.30.122 via :8548/mdm-config-app/proxy/v1/restconf/"
time="2022-02-25T22:31:03Z" level=info msg="Sending Request: 10.6.30.146 via :8548/mdm-config-app/proxy/v1/restconf/"
time="2022-02-25T22:31:03Z" level=info msg="Sending Request: 10.6.30.144 via :8548/mdm-config-app/proxy/v1/restconf/"
time="2022-02-25T22:31:03Z" level=info msg="Sending Request: 10.6.30.128 via :8548/mdm-config-app/proxy/v1/restconf/"
time="2022-02-25T22:31:03Z" level=info msg="Sending Request: 10.6.30.120 via :8548/mdm-config-app/proxy/v1/restconf/"
time="2022-02-25T22:31:03Z" level=info msg="Sending Request: 10.6.30.175 via :8548/mdm-config-app/proxy/v1/restconf/"
time="2022-02-25T22:31:03Z" level=info msg="Sending Request: 10.6.30.149 via :8548/mdm-config-app/proxy/v1/restconf/"
time="2022-02-25T22:31:03Z" level=info msg="Sending Request: 10.6.30.170 via :8548/mdm-config-app/proxy/v1/restconf/"
time="2022-02-25T22:31:03Z" level=info msg="Sending Request: 10.6.30.11 via :8548/mdm-config-app/proxy/v1/restconf/"
time="2022-02-25T22:31:03Z" level=info msg="Sending Request: 10.6.30.129 via :8548/mdm-config-app/proxy/v1/restconf/"
time="2022-02-25T22:31:03Z" level=info msg="Sending Request: 10.6.30.180 via :8548/mdm-config-app/proxy/v1/restconf/"
time="2022-02-25T22:31:03Z" level=info msg="Sending Request: 10.6.30.184 via :8548/mdm-config-app/proxy/v1/restconf/"
time="2022-02-25T22:31:03Z" level=info msg="Sending Request: 10.6.30.105 via :8548/mdm-config-app/proxy/v1/restconf/"
time="2022-02-25T22:31:03Z" level=info msg="Sending Request: 10.6.30.176 via :8548/mdm-config-app/proxy/v1/restconf/"
time="2022-02-25T22:31:03Z" level=info msg="Sending Request: 10.6.30.117 via :8548/mdm-config-app/proxy/v1/restconf/"
time="2022-02-25T22:31:03Z" level=info msg="Sending Request: 10.6.30.138 via :8548/mdm-config-app/proxy/v1/restconf/"
time="2022-02-25T22:31:03Z" level=info msg="Sending Request: 10.6.30.148 via :8548/mdm-config-app/proxy/v1/restconf/"
time="2022-02-25T22:31:03Z" level=info msg="Sending Request: 10.6.30.177 via :8548/mdm-config-app/proxy/v1/restconf/"
time="2022-02-25T22:31:03Z" level=info msg="Sending Request: 10.6.30.135 via :8548/mdm-config-app/proxy/v1/restconf/"
time="2022-02-25T22:31:03Z" level=info msg="Sending Request: 10.6.30.169 via :8548/mdm-config-app/proxy/v1/restconf/"
time="2022-02-25T22:31:03Z" level=info msg="Sending Request: 10.6.30.136 via :8548/mdm-config-app/proxy/v1/restconf/"
time="2022-02-25T22:31:03Z" level=info msg="Sending Request: 10.6.30.174 via :8548/mdm-config-app/proxy/v1/restconf/"
time="2022-02-25T22:31:03Z" level=info msg="Sending Request: 10.6.30.126 via :8548/mdm-config-app/proxy/v1/restconf/"
time="2022-02-25T22:31:03Z" level=info msg="Sending Request: 10.6.30.140 via :8548/mdm-config-app/proxy/v1/restconf/"
time="2022-02-25T22:31:03Z" level=info msg="Sending Request: 10.6.30.156 via :8548/mdm-config-app/proxy/v1/restconf/"
time="2022-02-25T22:31:03Z" level=info msg="Sending Request: 10.6.30.121 via :8548/mdm-config-app/proxy/v1/restconf/"
time="2022-02-25T22:31:03Z" level=info msg="Sending Request: 10.6.30.181 via :8548/mdm-config-app/proxy/v1/restconf/"
time="2022-02-25T22:31:03Z" level=info msg="Sending Request: 10.6.31.78 via :8548/mdm-config-app/proxy/v1/restconf/"
time="2022-02-25T22:31:03Z" level=info msg="Sending Request: 10.6.31.67 via :8548/mdm-config-app/proxy/v1/restconf/"
time="2022-02-25T22:31:03Z" level=info msg="Sending Request: 10.6.31.71 via :8548/mdm-config-app/proxy/v1/restconf/"
time="2022-02-25T22:31:03Z" level=info msg="Sending Request: 10.6.31.68 via :8548/mdm-config-app/proxy/v1/restconf/"
time="2022-02-25T22:31:03Z" level=info msg="Sending Request: 10.6.31.79 via :8548/mdm-config-app/proxy/v1/restconf/"
time="2022-02-25T22:31:03Z" level=info msg="Sending Request: 10.6.31.120 via :8548/mdm-config-app/proxy/v1/restconf/"
time="2022-02-25T22:31:03Z" level=info msg="Sending Request: 10.6.30.160 via :8548/mdm-config-app/proxy/v1/restconf/"
time="2022-02-25T22:31:03Z" level=info msg="Sending Request: 10.6.31.76 via :8548/mdm-config-app/proxy/v1/restconf/"
time="2022-02-25T22:31:03Z" level=info msg="Sending Request: 10.6.30.159 via :8548/mdm-config-app/proxy/v1/restconf/"
time="2022-02-25T22:31:03Z" level=info msg="Sending Request: 10.6.31.66 via :8548/mdm-config-app/proxy/v1/restconf/"
time="2022-02-25T22:31:03Z" level=info msg="Sending Request: 10.6.31.77 via :8548/mdm-config-app/proxy/v1/restconf/"
time="2022-02-25T22:31:03Z" level=info msg="Sending Request: 10.6.31.63 via :8548/mdm-config-app/proxy/v1/restconf/"
time="2022-02-25T22:31:03Z" level=info msg="Sending Request: 10.6.30.168 via :8548/mdm-config-app/proxy/v1/restconf/"
time="2022-02-25T22:31:03Z" level=info msg="Sending Request: 10.6.31.87 via :8548/mdm-config-app/proxy/v1/restconf/"
time="2022-02-25T22:31:03Z" level=info msg="Sending Request: 10.6.31.98 via :8548/mdm-config-app/proxy/v1/restconf/"
time="2022-02-25T22:31:03Z" level=info msg="Sending Request: 10.6.30.114 via :8548/mdm-config-app/proxy/v1/restconf/"
time="2022-02-25T22:31:03Z" level=info msg="Sending Request: 10.6.31.88 via :8548/mdm-config-app/proxy/v1/restconf/"
time="2022-02-25T22:31:03Z" level=info msg="Sending Request: 10.6.31.96 via :8548/mdm-config-app/proxy/v1/restconf/"
time="2022-02-25T22:31:03Z" level=info msg="Sending Request: 10.6.30.182 via :8548/mdm-config-app/proxy/v1/restconf/"
time="2022-02-25T22:31:03Z" level=info msg="Sending Request: 10.6.31.86 via :8548/mdm-config-app/proxy/v1/restconf/"
time="2022-02-25T22:31:03Z" level=info msg="Sending Request: 10.6.30.137 via :8548/mdm-config-app/proxy/v1/restconf/"
time="2022-02-25T22:31:03Z" level=info msg="Sending Request: 10.6.31.97 via :8548/mdm-config-app/proxy/v1/restconf/"
time="2022-02-25T22:31:03Z" level=info msg="Sending Request: 10.6.30.134 via :8548/mdm-config-app/proxy/v1/restconf/"
time="2022-02-25T22:31:03Z" level=info msg="Sending Request: 10.6.31.83 via :8548/mdm-config-app/proxy/v1/restconf/"
time="2022-02-25T22:31:03Z" level=info msg="Sending Request: 10.6.31.95 via :8548/mdm-config-app/proxy/v1/restconf/"
time="2022-02-25T22:31:03Z" level=info msg="Sending Request: 10.6.30.167 via :8548/mdm-config-app/proxy/v1/restconf/"
time="2022-02-25T22:31:03Z" level=info msg="Sending Request: 10.6.30.113 via :8548/mdm-config-app/proxy/v1/restconf/"
time="2022-02-25T22:31:03Z" level=info msg="Sending Request: 10.6.30.157 via :8548/mdm-config-app/proxy/v1/restconf/"
time="2022-02-25T22:31:03Z" level=info msg="Sending Request: 10.6.31.80 via :8548/mdm-config-app/proxy/v1/restconf/"
time="2022-02-25T22:31:03Z" level=info msg="Sending Request: 10.6.31.8 via :8548/mdm-config-app/proxy/v1/restconf/"
time="2022-02-25T22:31:03Z" level=info msg="Sending Request: 10.6.30.123 via :8548/mdm-config-app/proxy/v1/restconf/"
time="2022-02-25T22:31:03Z" level=info msg="Sending Request: 10.6.31.84 via :8548/mdm-config-app/proxy/v1/restconf/"
time="2022-02-25T22:31:03Z" level=info msg="Sending Request: 10.6.31.110 via :8548/mdm-config-app/proxy/v1/restconf/"
time="2022-02-25T22:31:03Z" level=info msg="Sending Request: 10.6.31.104 via :8548/mdm-config-app/proxy/v1/restconf/"
time="2022-02-25T22:31:03Z" level=info msg="Sending Request: 10.6.31.69 via :8548/mdm-config-app/proxy/v1/restconf/"
time="2022-02-25T22:31:03Z" level=info msg="Sending Request: 10.6.31.89 via :8548/mdm-config-app/proxy/v1/restconf/"
time="2022-02-25T22:31:03Z" level=info msg="Sending Request: 10.6.31.91 via :8548/mdm-config-app/proxy/v1/restconf/"
time="2022-02-25T22:31:03Z" level=info msg="Sending Request: 10.6.31.101 via :8548/mdm-config-app/proxy/v1/restconf/"
time="2022-02-25T22:31:03Z" level=info msg="Sending Request: 10.6.31.129 via :8548/mdm-config-app/proxy/v1/restconf/"
time="2022-02-25T22:31:03Z" level=info msg="Sending Request: 10.6.31.81 via :8548/mdm-config-app/proxy/v1/restconf/"
time="2022-02-25T22:31:03Z" level=info msg="Sending Request: 10.6.31.124 via :8548/mdm-config-app/proxy/v1/restconf/"
time="2022-02-25T22:31:03Z" level=info msg="Sending Request: 10.6.31.108 via :8548/mdm-config-app/proxy/v1/restconf/"
time="2022-02-25T22:31:03Z" level=info msg="Sending Request: 10.6.31.73 via :8548/mdm-config-app/proxy/v1/restconf/"
time="2022-02-25T22:31:03Z" level=info msg="Sending Request: 10.6.31.103 via :8548/mdm-config-app/proxy/v1/restconf/"
time="2022-02-25T22:31:03Z" level=info msg="Sending Request: 10.6.31.70 via :8548/mdm-config-app/proxy/v1/restconf/"
time="2022-02-25T22:31:03Z" level=info msg="Sending Request: 10.6.31.107 via :8548/mdm-config-app/proxy/v1/restconf/"
time="2022-02-25T22:31:03Z" level=info msg="Sending Request: 10.6.31.90 via :8548/mdm-config-app/proxy/v1/restconf/"
time="2022-02-25T22:31:03Z" level=info msg="Sending Request: 10.6.31.100 via :8548/mdm-config-app/proxy/v1/restconf/"
time="2022-02-25T22:31:03Z" level=info msg="Sending Request: 10.6.31.114 via :8548/mdm-config-app/proxy/v1/restconf/"
time="2022-02-25T22:31:03Z" level=info msg="Sending Request: 10.6.31.125 via :8548/mdm-config-app/proxy/v1/restconf/"
time="2022-02-25T22:31:03Z" level=info msg="Sending Request: 10.6.31.111 via :8548/mdm-config-app/proxy/v1/restconf/"
time="2022-02-25T22:31:03Z" level=info msg="Sending Request: 10.6.31.119 via :8548/mdm-config-app/proxy/v1/restconf/"
time="2022-02-25T22:31:03Z" level=info msg="Sending Request: 10.6.31.121 via :8548/mdm-config-app/proxy/v1/restconf/"
time="2022-02-25T22:31:03Z" level=info msg="Sending Request: 10.6.31.128 via :8548/mdm-config-app/proxy/v1/restconf/"
time="2022-02-25T22:31:03Z" level=info msg="Sending Request: 10.6.31.126 via :8548/mdm-config-app/proxy/v1/restconf/"
time="2022-02-25T22:31:03Z" level=info msg="Sending Request: 10.6.31.64 via :8548/mdm-config-app/proxy/v1/restconf/"
time="2022-02-25T22:31:03Z" level=info msg="Sending Request: 10.6.31.112 via :8548/mdm-config-app/proxy/v1/restconf/"
time="2022-02-25T22:31:03Z" level=info msg="Sending Request: 10.6.31.75 via :8548/mdm-config-app/proxy/v1/restconf/"
time="2022-02-25T22:31:03Z" level=info msg="Sending Request: 10.6.31.116 via :8548/mdm-config-app/proxy/v1/restconf/"
time="2022-02-25T22:31:03Z" level=info msg="Sending Request: 10.6.31.72 via :8548/mdm-config-app/proxy/v1/restconf/"
time="2022-02-25T22:31:03Z" level=info msg="Sending Request: 10.6.31.118 via :8548/mdm-config-app/proxy/v1/restconf/"
time="2022-02-25T22:31:03Z" level=info msg="Sending Request: 10.6.31.113 via :8548/mdm-config-app/proxy/v1/restconf/"
time="2022-02-25T22:31:03Z" level=info msg="Sending Request: 10.6.31.74 via :8548/mdm-config-app/proxy/v1/restconf/"
time="2022-02-25T22:31:03Z" level=info msg="Sending Request: 10.6.31.122 via :8548/mdm-config-app/proxy/v1/restconf/"
time="2022-02-25T22:31:03Z" level=info msg="Sending Request: 10.6.31.138 via :8548/mdm-config-app/proxy/v1/restconf/"
time="2022-02-25T22:31:03Z" level=info msg="Sending Request: 10.6.31.131 via :8548/mdm-config-app/proxy/v1/restconf/"
time="2022-02-25T22:31:03Z" level=info msg="Sending Request: 10.6.31.130 via :8548/mdm-config-app/proxy/v1/restconf/"
time="2022-02-25T22:31:03Z" level=info msg="Sending Request: 10.6.31.137 via :8548/mdm-config-app/proxy/v1/restconf/"
time="2022-02-25T22:31:03Z" level=info msg="Sending Request: 10.6.31.133 via :8548/mdm-config-app/proxy/v1/restconf/"
time="2022-02-25T22:31:03Z" level=info msg="Sending Request: 10.6.31.134 via :8548/mdm-config-app/proxy/v1/restconf/"
time="2022-02-25T22:31:03Z" level=info msg="Sending Request: 10.6.31.139 via :8548/mdm-config-app/proxy/v1/restconf/"
time="2022-02-25T22:31:03Z" level=info msg="Sending Request: 10.6.31.135 via :8548/mdm-config-app/proxy/v1/restconf/"
time="2022-02-25T22:31:03Z" level=info msg="Sending Request: 10.6.31.94 via :8548/mdm-config-app/proxy/v1/restconf/"
time="2022-02-25T22:31:08Z" level=info msg="Received Respone 10.6.30.148 Response: {\"ietf-yang-patch:yang-patch-status\":{\"patch-id\":\"as\",\"ok\":[null]}}"
time="2022-02-25T22:31:09Z" level=info msg="Received Respone 10.6.30.27 Response: {\"ietf-yang-patch:yang-patch-status\":{\"patch-id\":\"as\",\"ok\":[null]}}"
time="2022-02-25T22:31:09Z" level=info msg="Received Respone 10.6.31.139 Response: {\"ietf-yang-patch:yang-patch-status\":{\"patch-id\":\"as\",\"ok\":[null]}}"
time="2022-02-25T22:31:09Z" level=info msg="Received Respone 10.6.31.84 Response: {\"ietf-yang-patch:yang-patch-status\":{\"patch-id\":\"as\",\"ok\":[null]}}"
time="2022-02-25T22:31:09Z" level=info msg="Received Respone 10.6.31.54 Response: {\"ietf-yang-patch:yang-patch-status\":{\"patch-id\":\"as\",\"ok\":[null]}}"
time="2022-02-25T22:31:10Z" level=info msg="Received Respone 10.6.30.30 Response: {\"ietf-yang-patch:yang-patch-status\":{\"patch-id\":\"as\",\"ok\":[null]}}"
time="2022-02-25T22:31:10Z" level=info msg="Received Respone 10.6.31.80 Response: {\"ietf-yang-patch:yang-patch-status\":{\"patch-id\":\"as\",\"ok\":[null]}}"
time="2022-02-25T22:31:10Z" level=info msg="Received Respone 10.6.31.44 Response: {\"ietf-yang-patch:yang-patch-status\":{\"patch-id\":\"as\",\"ok\":[null]}}"
time="2022-02-25T22:31:10Z" level=info msg="Received Respone 10.6.30.21 Response: {\"ietf-yang-patch:yang-patch-status\":{\"patch-id\":\"as\",\"ok\":[null]}}"
time="2022-02-25T22:31:10Z" level=info msg="Received Respone 10.6.30.172 Response: {\"ietf-yang-patch:yang-patch-status\":{\"patch-id\":\"as\",\"ok\":[null]}}"
time="2022-02-25T22:31:10Z" level=info msg="Received Respone 10.6.30.123 Response: {\"ietf-yang-patch:yang-patch-status\":{\"patch-id\":\"as\",\"ok\":[null]}}"
time="2022-02-25T22:31:10Z" level=info msg="Received Respone 10.6.31.70 Response: {\"ietf-yang-patch:yang-patch-status\":{\"patch-id\":\"as\",\"ok\":[null]}}"
time="2022-02-25T22:31:10Z" level=info msg="Received Respone 10.6.31.31 Response: {\"ietf-yang-patch:yang-patch-status\":{\"patch-id\":\"as\",\"ok\":[null]}}"
time="2022-02-25T22:31:10Z" level=info msg="Received Respone 10.6.31.133 Response: {\"ietf-yang-patch:yang-patch-status\":{\"patch-id\":\"as\",\"ok\":[null]}}"
time="2022-02-25T22:31:10Z" level=info msg="Received Respone 10.6.30.169 Response: {\"ietf-yang-patch:yang-patch-status\":{\"patch-id\":\"as\",\"ok\":[null]}}"
time="2022-02-25T22:31:13Z" level=info msg="Received Respone 10.6.31.72 Response: {\"ietf-yang-patch:yang-patch-status\":{\"patch-id\":\"as\",\"ok\":[null]}}"
time="2022-02-25T22:31:13Z" level=info msg="Received Respone 10.6.30.88 Response: {\"ietf-yang-patch:yang-patch-status\":{\"patch-id\":\"as\",\"ok\":[null]}}"
time="2022-02-25T22:31:13Z" level=info msg="Received Respone 10.6.30.42 Response: {\"ietf-yang-patch:yang-patch-status\":{\"patch-id\":\"as\",\"ok\":[null]}}"
time="2022-02-25T22:31:13Z" level=info msg="Received Respone 10.6.30.62 Response: {\"ietf-yang-patch:yang-patch-status\":{\"patch-id\":\"as\",\"ok\":[null]}}"
time="2022-02-25T22:31:13Z" level=info msg="Received Respone 10.6.30.106 Response: {\"ietf-yang-patch:yang-patch-status\":{\"patch-id\":\"as\",\"ok\":[null]}}"
time="2022-02-25T22:31:13Z" level=info msg="Received Respone 10.6.31.13 Response: {\"ietf-yang-patch:yang-patch-status\":{\"patch-id\":\"as\",\"ok\":[null]}}"
time="2022-02-25T22:31:13Z" level=info msg="Received Respone 10.6.31.131 Response: {\"ietf-yang-patch:yang-patch-status\":{\"patch-id\":\"as\",\"ok\":[null]}}"
time="2022-02-25T22:31:13Z" level=info msg="Received Respone 10.6.30.135 Response: {\"ietf-yang-patch:yang-patch-status\":{\"patch-id\":\"as\",\"ok\":[null]}}"
time="2022-02-25T22:31:13Z" level=info msg="Received Respone 10.6.31.132 Response: {\"ietf-yang-patch:yang-patch-status\":{\"patch-id\":\"as\",\"ok\":[null]}}"
time="2022-02-25T22:31:13Z" level=info msg="Received Respone 10.6.30.17 Response: {\"ietf-yang-patch:yang-patch-status\":{\"patch-id\":\"as\",\"ok\":[null]}}"
time="2022-02-25T22:31:13Z" level=info msg="Received Respone 10.6.31.115 Response: {\"ietf-yang-patch:yang-patch-status\":{\"patch-id\":\"as\",\"ok\":[null]}}"
time="2022-02-25T22:31:13Z" level=info msg="Received Respone 10.6.30.144 Response: {\"ietf-yang-patch:yang-patch-status\":{\"patch-id\":\"as\",\"ok\":[null]}}"
time="2022-02-25T22:31:13Z" level=info msg="Received Respone 10.6.31.112 Response: {\"ietf-yang-patch:yang-patch-status\":{\"patch-id\":\"as\",\"ok\":[null]}}"
time="2022-02-25T22:31:13Z" level=info msg="Received Respone 10.6.31.37 Response: {\"ietf-yang-patch:yang-patch-status\":{\"patch-id\":\"as\",\"ok\":[null]}}"
time="2022-02-25T22:31:13Z" level=info msg="Received Respone 10.6.30.83 Response: {\"ietf-yang-patch:yang-patch-status\":{\"patch-id\":\"as\",\"ok\":[null]}}"
time="2022-02-25T22:31:13Z" level=info msg="Received Respone 10.6.31.121 Response: {\"ietf-yang-patch:yang-patch-status\":{\"patch-id\":\"as\",\"ok\":[null]}}"
time="2022-02-25T22:31:13Z" level=info msg="Received Respone 10.6.30.34 Response: {\"ietf-yang-patch:yang-patch-status\":{\"patch-id\":\"as\",\"ok\":[null]}}"
time="2022-02-25T22:31:13Z" level=info msg="Received Respone 10.6.31.100 Response: {\"ietf-yang-patch:yang-patch-status\":{\"patch-id\":\"as\",\"ok\":[null]}}"
time="2022-02-25T22:31:13Z" level=info msg="Received Respone 10.6.31.17 Response: {\"ietf-yang-patch:yang-patch-status\":{\"patch-id\":\"as\",\"ok\":[null]}}"
time="2022-02-25T22:31:13Z" level=info msg="Received Respone 10.6.30.28 Response: {\"ietf-yang-patch:yang-patch-status\":{\"patch-id\":\"as\",\"ok\":[null]}}"
time="2022-02-25T22:31:13Z" level=info msg="Received Respone 10.6.30.53 Response: {\"ietf-yang-patch:yang-patch-status\":{\"patch-id\":\"as\",\"ok\":[null]}}"
time="2022-02-25T22:31:13Z" level=info msg="Received Respone 10.6.30.105 Response: {\"ietf-yang-patch:yang-patch-status\":{\"patch-id\":\"as\",\"ok\":[null]}}"
time="2022-02-25T22:31:13Z" level=info msg="Received Respone 10.6.31.61 Response: {\"ietf-yang-patch:yang-patch-status\":{\"patch-id\":\"as\",\"ok\":[null]}}"
time="2022-02-25T22:31:13Z" level=info msg="Received Respone 10.6.30.95 Response: {\"ietf-yang-patch:yang-patch-status\":{\"patch-id\":\"as\",\"ok\":[null]}}"
time="2022-02-25T22:31:13Z" level=info msg="Received Respone 10.6.30.156 Response: {\"ietf-yang-patch:yang-patch-status\":{\"patch-id\":\"as\",\"ok\":[null]}}"
time="2022-02-25T22:31:13Z" level=info msg="Received Respone 10.6.30.46 Response: {\"ietf-yang-patch:yang-patch-status\":{\"patch-id\":\"as\",\"ok\":[null]}}"
time="2022-02-25T22:31:13Z" level=info msg="Received Respone 10.6.30.108 Response: {\"ietf-yang-patch:yang-patch-status\":{\"patch-id\":\"as\",\"ok\":[null]}}"
time="2022-02-25T22:31:13Z" level=info msg="Received Respone 10.6.31.20 Response: {\"ietf-yang-patch:yang-patch-status\":{\"patch-id\":\"as\",\"ok\":[null]}}"
time="2022-02-25T22:31:13Z" level=info msg="Received Respone 10.6.30.33 Response: {\"ietf-yang-patch:yang-patch-status\":{\"patch-id\":\"as\",\"ok\":[null]}}"
time="2022-02-25T22:31:13Z" level=info msg="Received Respone 10.6.30.70 Response: {\"ietf-yang-patch:yang-patch-status\":{\"patch-id\":\"as\",\"ok\":[null]}}"
time="2022-02-25T22:31:13Z" level=info msg="Received Respone 10.6.30.107 Response: {\"ietf-yang-patch:yang-patch-status\":{\"patch-id\":\"as\",\"ok\":[null]}}"
time="2022-02-25T22:31:13Z" level=info msg="Received Respone 10.6.31.5 Response: {\"ietf-yang-patch:yang-patch-status\":{\"patch-id\":\"as\",\"ok\":[null]}}"
time="2022-02-25T22:31:13Z" level=info msg="Received Respone 10.6.30.90 Response: {\"ietf-yang-patch:yang-patch-status\":{\"patch-id\":\"as\",\"ok\":[null]}}"
time="2022-02-25T22:31:13Z" level=info msg="Received Respone 10.6.31.64 Response: {\"ietf-yang-patch:yang-patch-status\":{\"patch-id\":\"as\",\"ok\":[null]}}"
time="2022-02-25T22:31:13Z" level=info msg="Received Respone 10.6.30.84 Response: {\"ietf-yang-patch:yang-patch-status\":{\"patch-id\":\"as\",\"ok\":[null]}}"
time="2022-02-25T22:31:13Z" level=info msg="Received Respone 10.6.30.174 Response: {\"ietf-yang-patch:yang-patch-status\":{\"patch-id\":\"as\",\"ok\":[null]}}"
time="2022-02-25T22:31:14Z" level=info msg="Received Respone 10.6.31.50 Response: {\"ietf-yang-patch:yang-patch-status\":{\"patch-id\":\"as\",\"ok\":[null]}}"
time="2022-02-25T22:31:14Z" level=info msg="Received Respone 10.6.30.81 Response: {\"ietf-yang-patch:yang-patch-status\":{\"patch-id\":\"as\",\"ok\":[null]}}"
time="2022-02-25T22:31:14Z" level=info msg="Received Respone 10.6.31.28 Response: {\"ietf-yang-patch:yang-patch-status\":{\"patch-id\":\"as\",\"ok\":[null]}}"
time="2022-02-25T22:31:14Z" level=info msg="Received Respone 10.6.30.76 Response: {\"ietf-yang-patch:yang-patch-status\":{\"patch-id\":\"as\",\"ok\":[null]}}"
time="2022-02-25T22:31:14Z" level=info msg="Received Respone 10.6.31.135 Response: {\"ietf-yang-patch:yang-patch-status\":{\"patch-id\":\"as\",\"ok\":[null]}}"
time="2022-02-25T22:31:15Z" level=info msg="Received Respone 10.6.30.122 Response: {\"ietf-yang-patch:yang-patch-status\":{\"patch-id\":\"as\",\"ok\":[null]}}"
time="2022-02-25T22:31:15Z" level=info msg="Received Respone 10.6.30.92 Response: {\"ietf-yang-patch:yang-patch-status\":{\"patch-id\":\"as\",\"ok\":[null]}}"
time="2022-02-25T22:31:15Z" level=info msg="Received Respone 10.6.30.29 Response: {\"ietf-yang-patch:yang-patch-status\":{\"patch-id\":\"as\",\"ok\":[null]}}"
time="2022-02-25T22:31:15Z" level=info msg="Received Respone 10.6.30.143 Response: {\"ietf-yang-patch:yang-patch-status\":{\"patch-id\":\"as\",\"ok\":[null]}}"
time="2022-02-25T22:31:16Z" level=info msg="Received Respone 10.6.30.67 Response: {\"ietf-yang-patch:yang-patch-status\":{\"patch-id\":\"as\",\"ok\":[null]}}"
time="2022-02-25T22:31:16Z" level=info msg="Received Respone 10.6.31.34 Response: {\"ietf-yang-patch:yang-patch-status\":{\"patch-id\":\"as\",\"ok\":[null]}}"
time="2022-02-25T22:31:16Z" level=info msg="Received Respone 10.6.31.130 Response: {\"ietf-yang-patch:yang-patch-status\":{\"patch-id\":\"as\",\"ok\":[null]}}"
time="2022-02-25T22:31:16Z" level=info msg="Received Respone 10.6.31.103 Response: {\"ietf-yang-patch:yang-patch-status\":{\"patch-id\":\"as\",\"ok\":[null]}}"
time="2022-02-25T22:31:16Z" level=info msg="Received Respone 10.6.30.128 Response: {\"ietf-yang-patch:yang-patch-status\":{\"patch-id\":\"as\",\"ok\":[null]}}"
time="2022-02-25T22:31:16Z" level=info msg="Received Respone 10.6.31.8 Response: {\"ietf-yang-patch:yang-patch-status\":{\"patch-id\":\"as\",\"ok\":[null]}}"
time="2022-02-25T22:31:16Z" level=info msg="Received Respone 10.6.31.90 Response: {\"ietf-yang-patch:yang-patch-status\":{\"patch-id\":\"as\",\"ok\":[null]}}"
time="2022-02-25T22:31:16Z" level=info msg="Received Respone 10.6.31.71 Response: {\"ietf-yang-patch:yang-patch-status\":{\"patch-id\":\"as\",\"ok\":[null]}}"
time="2022-02-25T22:31:16Z" level=info msg="Received Respone 10.6.30.141 Response: {\"ietf-yang-patch:yang-patch-status\":{\"patch-id\":\"as\",\"ok\":[null]}}"
time="2022-02-25T22:31:16Z" level=info msg="Received Respone 10.6.30.149 Response: {\"ietf-yang-patch:yang-patch-status\":{\"patch-id\":\"as\",\"ok\":[null]}}"
time="2022-02-25T22:31:16Z" level=info msg="Received Respone 10.6.30.153 Response: {\"ietf-yang-patch:yang-patch-status\":{\"patch-id\":\"as\",\"ok\":[null]}}"
time="2022-02-25T22:31:17Z" level=info msg="Received Respone 10.6.30.117 Response: {\"ietf-yang-patch:yang-patch-status\":{\"patch-id\":\"as\",\"ok\":[null]}}"
time="2022-02-25T22:31:17Z" level=info msg="Received Respone 10.6.31.68 Response: {\"ietf-yang-patch:yang-patch-status\":{\"patch-id\":\"as\",\"ok\":[null]}}"
time="2022-02-25T22:31:17Z" level=info msg="Received Respone 10.6.31.123 Response: {\"ietf-yang-patch:yang-patch-status\":{\"patch-id\":\"as\",\"ok\":[null]}}"
time="2022-02-25T22:31:17Z" level=info msg="Received Respone 10.6.31.111 Response: {\"ietf-yang-patch:yang-patch-status\":{\"patch-id\":\"as\",\"ok\":[null]}}"
time="2022-02-25T22:31:17Z" level=info msg="Received Respone 10.6.30.54 Response: {\"ietf-yang-patch:yang-patch-status\":{\"patch-id\":\"as\",\"ok\":[null]}}"
time="2022-02-25T22:31:17Z" level=info msg="Received Respone 10.6.30.11 Response: {\"ietf-yang-patch:yang-patch-status\":{\"patch-id\":\"as\",\"ok\":[null]}}"
time="2022-02-25T22:31:17Z" level=info msg="Received Respone 10.6.31.12 Response: {\"ietf-yang-patch:yang-patch-status\":{\"patch-id\":\"as\",\"ok\":[null]}}"
time="2022-02-25T22:31:17Z" level=info msg="Received Respone 10.6.30.163 Response: {\"ietf-yang-patch:yang-patch-status\":{\"patch-id\":\"as\",\"ok\":[null]}}"
time="2022-02-25T22:31:17Z" level=info msg="Received Respone 10.6.30.159 Response: {\"ietf-yang-patch:yang-patch-status\":{\"patch-id\":\"as\",\"ok\":[null]}}"
time="2022-02-25T22:31:18Z" level=info msg="Received Respone 10.6.31.45 Response: {\"ietf-yang-patch:yang-patch-status\":{\"patch-id\":\"as\",\"ok\":[null]}}"
time="2022-02-25T22:31:18Z" level=info msg="Received Respone 10.6.30.179 Response: {\"ietf-yang-patch:yang-patch-status\":{\"patch-id\":\"as\",\"ok\":[null]}}"
time="2022-02-25T22:31:18Z" level=info msg="Received Respone 10.6.30.181 Response: {\"ietf-yang-patch:yang-patch-status\":{\"patch-id\":\"as\",\"ok\":[null]}}"
time="2022-02-25T22:31:18Z" level=info msg="Received Respone 10.6.30.142 Response: {\"ietf-yang-patch:yang-patch-status\":{\"patch-id\":\"as\",\"ok\":[null]}}"
time="2022-02-25T22:31:18Z" level=info msg="Received Respone 10.6.30.157 Response: {\"ietf-yang-patch:yang-patch-status\":{\"patch-id\":\"as\",\"ok\":[null]}}"
time="2022-02-25T22:31:18Z" level=info msg="Received Respone 10.6.30.55 Response: {\"ietf-yang-patch:yang-patch-status\":{\"patch-id\":\"as\",\"ok\":[null]}}"
time="2022-02-25T22:31:18Z" level=info msg="Received Respone 10.6.30.59 Response: {\"ietf-yang-patch:yang-patch-status\":{\"patch-id\":\"as\",\"ok\":[null]}}"
time="2022-02-25T22:31:18Z" level=info msg="Received Respone 10.6.31.138 Response: {\"ietf-yang-patch:yang-patch-status\":{\"patch-id\":\"as\",\"ok\":[null]}}"
time="2022-02-25T22:31:18Z" level=info msg="Received Respone 10.6.31.63 Response: {\"ietf-yang-patch:yang-patch-status\":{\"patch-id\":\"as\",\"ok\":[null]}}"
time="2022-02-25T22:31:18Z" level=info msg="Received Respone 10.6.31.87 Response: {\"ietf-yang-patch:yang-patch-status\":{\"patch-id\":\"as\",\"ok\":[null]}}"
time="2022-02-25T22:31:18Z" level=info msg="Received Respone 10.6.30.110 Response: {\"ietf-yang-patch:yang-patch-status\":{\"patch-id\":\"as\",\"ok\":[null]}}"
time="2022-02-25T22:31:18Z" level=info msg="Received Respone 10.6.31.40 Response: {\"ietf-yang-patch:yang-patch-status\":{\"patch-id\":\"as\",\"ok\":[null]}}"
time="2022-02-25T22:31:18Z" level=info msg="Received Respone 10.6.30.3 Response: {\"ietf-yang-patch:yang-patch-status\":{\"patch-id\":\"as\",\"ok\":[null]}}"
time="2022-02-25T22:31:18Z" level=info msg="Received Respone 10.6.30.165 Response: {\"ietf-yang-patch:yang-patch-status\":{\"patch-id\":\"as\",\"ok\":[null]}}"
time="2022-02-25T22:31:18Z" level=info msg="Received Respone 10.6.30.35 Response: {\"ietf-yang-patch:yang-patch-status\":{\"patch-id\":\"as\",\"ok\":[null]}}"
time="2022-02-25T22:31:18Z" level=info msg="Received Respone 10.6.31.21 Response: {\"ietf-yang-patch:yang-patch-status\":{\"patch-id\":\"as\",\"ok\":[null]}}"
time="2022-02-25T22:31:18Z" level=info msg="Received Respone 10.6.31.57 Response: {\"ietf-yang-patch:yang-patch-status\":{\"patch-id\":\"as\",\"ok\":[null]}}"
time="2022-02-25T22:31:18Z" level=info msg="Received Respone 10.6.31.79 Response: {\"ietf-yang-patch:yang-patch-status\":{\"patch-id\":\"as\",\"ok\":[null]}}"
time="2022-02-25T22:31:18Z" level=info msg="Received Respone 10.6.31.27 Response: {\"ietf-yang-patch:yang-patch-status\":{\"patch-id\":\"as\",\"ok\":[null]}}"
time="2022-02-25T22:31:19Z" level=info msg="Received Respone 10.6.30.13 Response: {\"ietf-yang-patch:yang-patch-status\":{\"patch-id\":\"as\",\"ok\":[null]}}"
time="2022-02-25T22:31:19Z" level=info msg="Received Respone 10.6.31.55 Response: {\"ietf-yang-patch:yang-patch-status\":{\"patch-id\":\"as\",\"ok\":[null]}}"
time="2022-02-25T22:31:19Z" level=info msg="Received Respone 10.6.31.128 Response: {\"ietf-yang-patch:yang-patch-status\":{\"patch-id\":\"as\",\"ok\":[null]}}"
time="2022-02-25T22:31:20Z" level=info msg="Received Respone 10.6.30.64 Response: {\"ietf-yang-patch:yang-patch-status\":{\"patch-id\":\"as\",\"ok\":[null]}}"
time="2022-02-25T22:31:20Z" level=info msg="Received Respone 10.6.30.61 Response: {\"ietf-yang-patch:yang-patch-status\":{\"patch-id\":\"as\",\"ok\":[null]}}"
time="2022-02-25T22:31:20Z" level=info msg="Received Respone 10.6.31.129 Response: {\"ietf-yang-patch:yang-patch-status\":{\"patch-id\":\"as\",\"ok\":[null]}}"
time="2022-02-25T22:31:20Z" level=info msg="Received Respone 10.6.30.72 Response: {\"ietf-yang-patch:yang-patch-status\":{\"patch-id\":\"as\",\"ok\":[null]}}"
time="2022-02-25T22:31:20Z" level=info msg="Received Respone 10.6.31.124 Response: {\"ietf-yang-patch:yang-patch-status\":{\"patch-id\":\"as\",\"ok\":[null]}}"
time="2022-02-25T22:31:20Z" level=info msg="Received Respone 10.6.31.4 Response: {\"ietf-yang-patch:yang-patch-status\":{\"patch-id\":\"as\",\"ok\":[null]}}"
time="2022-02-25T22:31:20Z" level=info msg="Received Respone 10.6.30.101 Response: {\"ietf-yang-patch:yang-patch-status\":{\"patch-id\":\"as\",\"ok\":[null]}}"
time="2022-02-25T22:31:20Z" level=info msg="Received Respone 10.6.30.152 Response: {\"ietf-yang-patch:yang-patch-status\":{\"patch-id\":\"as\",\"ok\":[null]}}"
time="2022-02-25T22:31:20Z" level=info msg="Received Respone 10.6.30.171 Response: {\"ietf-yang-patch:yang-patch-status\":{\"patch-id\":\"as\",\"ok\":[null]}}"
time="2022-02-25T22:31:20Z" level=info msg="Received Respone 10.6.30.20 Response: {\"ietf-yang-patch:yang-patch-status\":{\"patch-id\":\"as\",\"ok\":[null]}}"
time="2022-02-25T22:31:21Z" level=info msg="Received Respone 10.6.31.33 Response: {\"ietf-yang-patch:yang-patch-status\":{\"patch-id\":\"as\",\"ok\":[null]}}"
time="2022-02-25T22:31:21Z" level=info msg="Received Respone 10.6.30.114 Response: {\"ietf-yang-patch:yang-patch-status\":{\"patch-id\":\"as\",\"ok\":[null]}}"
time="2022-02-25T22:31:21Z" level=info msg="Received Respone 10.6.31.48 Response: {\"ietf-yang-patch:yang-patch-status\":{\"patch-id\":\"as\",\"ok\":[null]}}"
time="2022-02-25T22:31:21Z" level=info msg="Received Respone 10.6.30.5 Response: {\"ietf-yang-patch:yang-patch-status\":{\"patch-id\":\"as\",\"ok\":[null]}}"
time="2022-02-25T22:31:21Z" level=info msg="Received Respone 10.6.30.19 Response: {\"ietf-yang-patch:yang-patch-status\":{\"patch-id\":\"as\",\"ok\":[null]}}"
time="2022-02-25T22:31:21Z" level=info msg="Received Respone 10.6.30.18 Response: {\"ietf-yang-patch:yang-patch-status\":{\"patch-id\":\"as\",\"ok\":[null]}}"
time="2022-02-25T22:31:21Z" level=info msg="Received Respone 10.6.30.136 Response: {\"ietf-yang-patch:yang-patch-status\":{\"patch-id\":\"as\",\"ok\":[null]}}"
time="2022-02-25T22:31:21Z" level=info msg="Received Respone 10.6.30.158 Response: {\"ietf-yang-patch:yang-patch-status\":{\"patch-id\":\"as\",\"ok\":[null]}}"
time="2022-02-25T22:31:22Z" level=info msg="Received Respone 10.6.30.125 Response: {\"ietf-yang-patch:yang-patch-status\":{\"patch-id\":\"as\",\"ok\":[null]}}"
time="2022-02-25T22:31:22Z" level=info msg="Received Respone 10.6.30.126 Response: {\"ietf-yang-patch:yang-patch-status\":{\"patch-id\":\"as\",\"ok\":[null]}}"
time="2022-02-25T22:31:22Z" level=info msg="Received Respone 10.6.31.118 Response: {\"ietf-yang-patch:yang-patch-status\":{\"patch-id\":\"as\",\"ok\":[null]}}"
time="2022-02-25T22:31:22Z" level=info msg="Received Respone 10.6.31.43 Response: {\"ietf-yang-patch:yang-patch-status\":{\"patch-id\":\"as\",\"ok\":[null]}}"
time="2022-02-25T22:31:22Z" level=info msg="Received Respone 10.6.31.56 Response: {\"ietf-yang-patch:yang-patch-status\":{\"patch-id\":\"as\",\"ok\":[null]}}"
time="2022-02-25T22:31:22Z" level=info msg="Received Respone 10.6.30.78 Response: {\"ietf-yang-patch:yang-patch-status\":{\"patch-id\":\"as\",\"ok\":[null]}}"
time="2022-02-25T22:31:22Z" level=info msg="Received Respone 10.6.31.86 Response: {\"ietf-yang-patch:yang-patch-status\":{\"patch-id\":\"as\",\"ok\":[null]}}"
time="2022-02-25T22:31:22Z" level=info msg="Received Respone 10.6.30.127 Response: {\"ietf-yang-patch:yang-patch-status\":{\"patch-id\":\"as\",\"ok\":[null]}}"
time="2022-02-25T22:31:22Z" level=info msg="Received Respone 10.6.31.89 Response: {\"ietf-yang-patch:yang-patch-status\":{\"patch-id\":\"as\",\"ok\":[null]}}"
time="2022-02-25T22:31:22Z" level=info msg="Received Respone 10.6.31.42 Response: {\"ietf-yang-patch:yang-patch-status\":{\"patch-id\":\"as\",\"ok\":[null]}}"
time="2022-02-25T22:31:22Z" level=info msg="Received Respone 10.6.30.60 Response: {\"ietf-yang-patch:yang-patch-status\":{\"patch-id\":\"as\",\"ok\":[null]}}"
time="2022-02-25T22:31:22Z" level=info msg="Received Respone 10.6.30.26 Response: {\"ietf-yang-patch:yang-patch-status\":{\"patch-id\":\"as\",\"ok\":[null]}}"
time="2022-02-25T22:31:22Z" level=info msg="Received Respone 10.6.31.120 Response: {\"ietf-yang-patch:yang-patch-status\":{\"patch-id\":\"as\",\"ok\":[null]}}"
time="2022-02-25T22:31:22Z" level=info msg="Received Respone 10.6.31.98 Response: {\"ietf-yang-patch:yang-patch-status\":{\"patch-id\":\"as\",\"ok\":[null]}}"
time="2022-02-25T22:31:22Z" level=info msg="Received Respone 10.6.31.108 Response: {\"ietf-yang-patch:yang-patch-status\":{\"patch-id\":\"as\",\"ok\":[null]}}"
time="2022-02-25T22:31:22Z" level=info msg="Received Respone 10.6.30.121 Response: {\"ietf-yang-patch:yang-patch-status\":{\"patch-id\":\"as\",\"ok\":[null]}}"
time="2022-02-25T22:31:22Z" level=info msg="Received Respone 10.6.31.93 Response: {\"ietf-yang-patch:yang-patch-status\":{\"patch-id\":\"as\",\"ok\":[null]}}"
time="2022-02-25T22:31:23Z" level=info msg="Received Respone 10.6.31.59 Response: {\"ietf-yang-patch:yang-patch-status\":{\"patch-id\":\"as\",\"ok\":[null]}}"
time="2022-02-25T22:31:23Z" level=info msg="Received Respone 10.6.31.26 Response: {\"ietf-yang-patch:yang-patch-status\":{\"patch-id\":\"as\",\"ok\":[null]}}"
time="2022-02-25T22:31:23Z" level=info msg="Received Respone 10.6.31.35 Response: {\"ietf-yang-patch:yang-patch-status\":{\"patch-id\":\"as\",\"ok\":[null]}}"
time="2022-02-25T22:31:23Z" level=info msg="Received Respone 10.6.30.51 Response: {\"ietf-yang-patch:yang-patch-status\":{\"patch-id\":\"as\",\"ok\":[null]}}"
time="2022-02-25T22:31:23Z" level=info msg="Received Respone 10.6.30.184 Response: {\"ietf-yang-patch:yang-patch-status\":{\"patch-id\":\"as\",\"ok\":[null]}}"
time="2022-02-25T22:31:23Z" level=info msg="Received Respone 10.6.31.25 Response: {\"ietf-yang-patch:yang-patch-status\":{\"patch-id\":\"as\",\"ok\":[null]}}"
time="2022-02-25T22:31:23Z" level=info msg="Received Respone 10.6.30.16 Response: {\"ietf-yang-patch:yang-patch-status\":{\"patch-id\":\"as\",\"ok\":[null]}}"
time="2022-02-25T22:31:23Z" level=info msg="Received Respone 10.6.30.82 Response: {\"ietf-yang-patch:yang-patch-status\":{\"patch-id\":\"as\",\"ok\":[null]}}"
time="2022-02-25T22:31:23Z" level=info msg="Received Respone 10.6.31.114 Response: {\"ietf-yang-patch:yang-patch-status\":{\"patch-id\":\"as\",\"ok\":[null]}}"
time="2022-02-25T22:31:23Z" level=info msg="Received Respone 10.6.30.115 Response: {\"ietf-yang-patch:yang-patch-status\":{\"patch-id\":\"as\",\"ok\":[null]}}"
time="2022-02-25T22:31:23Z" level=info msg="Received Respone 10.6.31.94 Response: {\"ietf-yang-patch:yang-patch-status\":{\"patch-id\":\"as\",\"ok\":[null]}}"
time="2022-02-25T22:31:23Z" level=info msg="Received Respone 10.6.30.176 Response: {\"ietf-yang-patch:yang-patch-status\":{\"patch-id\":\"as\",\"ok\":[null]}}"
time="2022-02-25T22:31:23Z" level=info msg="Received Respone 10.6.31.134 Response: {\"ietf-yang-patch:yang-patch-status\":{\"patch-id\":\"as\",\"ok\":[null]}}"
time="2022-02-25T22:31:24Z" level=info msg="Received Respone 10.6.30.173 Response: {\"ietf-yang-patch:yang-patch-status\":{\"patch-id\":\"as\",\"ok\":[null]}}"
time="2022-02-25T22:31:24Z" level=info msg="Received Respone 10.6.31.81 Response: {\"ietf-yang-patch:yang-patch-status\":{\"patch-id\":\"as\",\"ok\":[null]}}"
time="2022-02-25T22:31:24Z" level=info msg="Received Respone 10.6.31.53 Response: {\"ietf-yang-patch:yang-patch-status\":{\"patch-id\":\"as\",\"ok\":[null]}}"
time="2022-02-25T22:31:24Z" level=info msg="Received Respone 10.6.30.118 Response: {\"ietf-yang-patch:yang-patch-status\":{\"patch-id\":\"as\",\"ok\":[null]}}"
time="2022-02-25T22:31:25Z" level=info msg="Received Respone 10.6.30.102 Response: {\"ietf-yang-patch:yang-patch-status\":{\"patch-id\":\"as\",\"ok\":[null]}}"
time="2022-02-25T22:31:25Z" level=info msg="Received Respone 10.6.31.67 Response: {\"ietf-yang-patch:yang-patch-status\":{\"patch-id\":\"as\",\"ok\":[null]}}"
time="2022-02-25T22:31:25Z" level=info msg="Received Respone 10.6.31.38 Response: {\"ietf-yang-patch:yang-patch-status\":{\"patch-id\":\"as\",\"ok\":[null]}}"
time="2022-02-25T22:31:25Z" level=info msg="Received Respone 10.6.30.178 Response: {\"ietf-yang-patch:yang-patch-status\":{\"patch-id\":\"as\",\"ok\":[null]}}"
time="2022-02-25T22:31:25Z" level=info msg="Received Respone 10.6.30.77 Response: {\"ietf-yang-patch:yang-patch-status\":{\"patch-id\":\"as\",\"ok\":[null]}}"
time="2022-02-25T22:31:25Z" level=info msg="Received Respone 10.6.31.7 Response: {\"ietf-yang-patch:yang-patch-status\":{\"patch-id\":\"as\",\"ok\":[null]}}"
time="2022-02-25T22:31:25Z" level=info msg="Received Respone 10.6.30.52 Response: {\"ietf-yang-patch:yang-patch-status\":{\"patch-id\":\"as\",\"ok\":[null]}}"
time="2022-02-25T22:31:25Z" level=info msg="Received Respone 10.6.31.116 Response: {\"ietf-yang-patch:yang-patch-status\":{\"patch-id\":\"as\",\"ok\":[null]}}"
time="2022-02-25T22:31:25Z" level=info msg="Received Respone 10.6.31.62 Response: {\"ietf-yang-patch:yang-patch-status\":{\"patch-id\":\"as\",\"ok\":[null]}}"
time="2022-02-25T22:31:25Z" level=info msg="Received Respone 10.6.31.73 Response: {\"ietf-yang-patch:yang-patch-status\":{\"patch-id\":\"as\",\"ok\":[null]}}"
time="2022-02-25T22:31:26Z" level=info msg="Received Respone 10.6.31.14 Response: {\"ietf-yang-patch:yang-patch-status\":{\"patch-id\":\"as\",\"ok\":[null]}}"
time="2022-02-25T22:31:26Z" level=info msg="Received Respone 10.6.30.43 Response: {\"ietf-yang-patch:yang-patch-status\":{\"patch-id\":\"as\",\"ok\":[null]}}"
time="2022-02-25T22:31:26Z" level=info msg="Received Respone 10.6.30.182 Response: {\"ietf-yang-patch:yang-patch-status\":{\"patch-id\":\"as\",\"ok\":[null]}}"
time="2022-02-25T22:31:26Z" level=info msg="Received Respone 10.6.31.51 Response: {\"ietf-yang-patch:yang-patch-status\":{\"patch-id\":\"as\",\"ok\":[null]}}"
time="2022-02-25T22:31:26Z" level=info msg="Received Respone 10.6.31.96 Response: {\"ietf-yang-patch:yang-patch-status\":{\"patch-id\":\"as\",\"ok\":[null]}}"
time="2022-02-25T22:31:26Z" level=info msg="Received Respone 10.6.30.38 Response: {\"ietf-yang-patch:yang-patch-status\":{\"patch-id\":\"as\",\"ok\":[null]}}"
time="2022-02-25T22:31:26Z" level=info msg="Received Respone 10.6.30.2 Response: {\"ietf-yang-patch:yang-patch-status\":{\"patch-id\":\"as\",\"ok\":[null]}}"
time="2022-02-25T22:31:26Z" level=info msg="Received Respone 10.6.30.39 Response: {\"ietf-yang-patch:yang-patch-status\":{\"patch-id\":\"as\",\"ok\":[null]}}"
time="2022-02-25T22:31:26Z" level=info msg="Received Respone 10.6.30.63 Response: {\"ietf-yang-patch:yang-patch-status\":{\"patch-id\":\"as\",\"ok\":[null]}}"
time="2022-02-25T22:31:26Z" level=info msg="Received Respone 10.6.31.69 Response: {\"ietf-yang-patch:yang-patch-status\":{\"patch-id\":\"as\",\"ok\":[null]}}"
time="2022-02-25T22:31:26Z" level=info msg="Received Respone 10.6.30.7 Response: {\"ietf-yang-patch:yang-patch-status\":{\"patch-id\":\"as\",\"ok\":[null]}}"
time="2022-02-25T22:31:27Z" level=info msg="Received Respone 10.6.30.161 Response: {\"ietf-yang-patch:yang-patch-status\":{\"patch-id\":\"as\",\"ok\":[null]}}"
time="2022-02-25T22:31:27Z" level=info msg="Received Respone 10.6.30.50 Response: {\"ietf-yang-patch:yang-patch-status\":{\"patch-id\":\"as\",\"ok\":[null]}}"
time="2022-02-25T22:31:27Z" level=info msg="Received Respone 10.6.31.18 Response: {\"ietf-yang-patch:yang-patch-status\":{\"patch-id\":\"as\",\"ok\":[null]}}"
time="2022-02-25T22:31:27Z" level=info msg="Received Respone 10.6.30.112 Response: {\"ietf-yang-patch:yang-patch-status\":{\"patch-id\":\"as\",\"ok\":[null]}}"
time="2022-02-25T22:31:27Z" level=info msg="Received Respone 10.6.31.9 Response: {\"ietf-yang-patch:yang-patch-status\":{\"patch-id\":\"as\",\"ok\":[null]}}"
time="2022-02-25T22:31:27Z" level=info msg="Received Respone 10.6.30.97 Response: {\"ietf-yang-patch:yang-patch-status\":{\"patch-id\":\"as\",\"ok\":[null]}}"
time="2022-02-25T22:31:27Z" level=info msg="Received Respone 10.6.31.41 Response: {\"ietf-yang-patch:yang-patch-status\":{\"patch-id\":\"as\",\"ok\":[null]}}"
time="2022-02-25T22:31:27Z" level=info msg="Received Respone 10.6.30.133 Response: {\"ietf-yang-patch:yang-patch-status\":{\"patch-id\":\"as\",\"ok\":[null]}}"
time="2022-02-25T22:31:28Z" level=info msg="Received Respone 10.6.30.138 Response: {\"ietf-yang-patch:yang-patch-status\":{\"patch-id\":\"as\",\"ok\":[null]}}"
time="2022-02-25T22:31:28Z" level=info msg="Received Respone 10.6.30.137 Response: {\"ietf-yang-patch:yang-patch-status\":{\"patch-id\":\"as\",\"ok\":[null]}}"
time="2022-02-25T22:31:28Z" level=info msg="Received Respone 10.6.31.75 Response: {\"ietf-yang-patch:yang-patch-status\":{\"patch-id\":\"as\",\"ok\":[null]}}"
time="2022-02-25T22:31:28Z" level=info msg="Received Respone 10.6.30.132 Response: {\"ietf-yang-patch:yang-patch-status\":{\"patch-id\":\"as\",\"ok\":[null]}}"
time="2022-02-25T22:31:28Z" level=info msg="Received Respone 10.6.31.113 Response: {\"ietf-yang-patch:yang-patch-status\":{\"patch-id\":\"as\",\"ok\":[null]}}"
time="2022-02-25T22:31:28Z" level=info msg="Received Respone 10.6.30.160 Response: {\"ietf-yang-patch:yang-patch-status\":{\"patch-id\":\"as\",\"ok\":[null]}}"
time="2022-02-25T22:31:28Z" level=info msg="Received Respone 10.6.30.40 Response: {\"ietf-yang-patch:yang-patch-status\":{\"patch-id\":\"as\",\"ok\":[null]}}"
time="2022-02-25T22:31:28Z" level=info msg="Received Respone 10.6.30.57 Response: {\"ietf-yang-patch:yang-patch-status\":{\"patch-id\":\"as\",\"ok\":[null]}}"
time="2022-02-25T22:31:28Z" level=info msg="Received Respone 10.6.30.66 Response: {\"ietf-yang-patch:yang-patch-status\":{\"patch-id\":\"as\",\"ok\":[null]}}"
time="2022-02-25T22:31:28Z" level=info msg="Received Respone 10.6.30.104 Response: {\"ietf-yang-patch:yang-patch-status\":{\"patch-id\":\"as\",\"ok\":[null]}}"
time="2022-02-25T22:31:28Z" level=info msg="Received Respone 10.6.31.52 Response: {\"ietf-yang-patch:yang-patch-status\":{\"patch-id\":\"as\",\"ok\":[null]}}"
time="2022-02-25T22:31:28Z" level=info msg="Received Respone 10.6.30.73 Response: {\"ietf-yang-patch:yang-patch-status\":{\"patch-id\":\"as\",\"ok\":[null]}}"
time="2022-02-25T22:31:28Z" level=info msg="Received Respone 10.6.30.8 Response: {\"ietf-yang-patch:yang-patch-status\":{\"patch-id\":\"as\",\"ok\":[null]}}"
time="2022-02-25T22:31:28Z" level=info msg="Received Respone 10.6.30.25 Response: {\"ietf-yang-patch:yang-patch-status\":{\"patch-id\":\"as\",\"ok\":[null]}}"
time="2022-02-25T22:31:29Z" level=info msg="Received Respone 10.6.30.80 Response: {\"ietf-yang-patch:yang-patch-status\":{\"patch-id\":\"as\",\"ok\":[null]}}"
time="2022-02-25T22:31:29Z" level=info msg="Received Respone 10.6.30.180 Response: {\"ietf-yang-patch:yang-patch-status\":{\"patch-id\":\"as\",\"ok\":[null]}}"
time="2022-02-25T22:31:29Z" level=info msg="Received Respone 10.6.31.74 Response: {\"ietf-yang-patch:yang-patch-status\":{\"patch-id\":\"as\",\"ok\":[null]}}"
time="2022-02-25T22:31:29Z" level=info msg="Received Respone 10.6.30.79 Response: {\"ietf-yang-patch:yang-patch-status\":{\"patch-id\":\"as\",\"ok\":[null]}}"
time="2022-02-25T22:31:29Z" level=info msg="Received Respone 10.6.30.47 Response: {\"ietf-yang-patch:yang-patch-status\":{\"patch-id\":\"as\",\"ok\":[null]}}"
time="2022-02-25T22:31:30Z" level=info msg="Received Respone 10.6.30.49 Response: {\"ietf-yang-patch:yang-patch-status\":{\"patch-id\":\"as\",\"ok\":[null]}}"
time="2022-02-25T22:31:30Z" level=info msg="Received Respone 10.6.31.107 Response: {\"ietf-yang-patch:yang-patch-status\":{\"patch-id\":\"as\",\"ok\":[null]}}"
time="2022-02-25T22:31:30Z" level=info msg="Received Respone 10.6.31.29 Response: {\"ietf-yang-patch:yang-patch-status\":{\"patch-id\":\"as\",\"ok\":[null]}}"
time="2022-02-25T22:31:30Z" level=info msg="Received Respone 10.6.30.75 Response: {\"ietf-yang-patch:yang-patch-status\":{\"patch-id\":\"as\",\"ok\":[null]}}"
time="2022-02-25T22:31:30Z" level=info msg="Received Respone 10.6.30.15 Response: {\"ietf-yang-patch:yang-patch-status\":{\"patch-id\":\"as\",\"ok\":[null]}}"
time="2022-02-25T22:31:31Z" level=info msg="Received Respone 10.6.30.99 Response: {\"ietf-yang-patch:yang-patch-status\":{\"patch-id\":\"as\",\"ok\":[null]}}"
time="2022-02-25T22:31:31Z" level=info msg="Received Respone 10.6.30.87 Response: {\"ietf-yang-patch:yang-patch-status\":{\"patch-id\":\"as\",\"ok\":[null]}}"
time="2022-02-25T22:31:31Z" level=info msg="Received Respone 10.6.30.68 Response: {\"ietf-yang-patch:yang-patch-status\":{\"patch-id\":\"as\",\"ok\":[null]}}"
time="2022-02-25T22:31:31Z" level=info msg="Received Respone 10.6.30.150 Response: {\"ietf-yang-patch:yang-patch-status\":{\"patch-id\":\"as\",\"ok\":[null]}}"
time="2022-02-25T22:31:31Z" level=info msg="Received Respone 10.6.30.44 Response: {\"ietf-yang-patch:yang-patch-status\":{\"patch-id\":\"as\",\"ok\":[null]}}"
time="2022-02-25T22:31:31Z" level=info msg="Received Respone 10.6.30.24 Response: {\"ietf-yang-patch:yang-patch-status\":{\"patch-id\":\"as\",\"ok\":[null]}}"
time="2022-02-25T22:31:31Z" level=info msg="Received Respone 10.6.31.36 Response: {\"ietf-yang-patch:yang-patch-status\":{\"patch-id\":\"as\",\"ok\":[null]}}"
time="2022-02-25T22:31:32Z" level=info msg="Received Respone 10.6.30.37 Response: {\"ietf-yang-patch:yang-patch-status\":{\"patch-id\":\"as\",\"ok\":[null]}}"
time="2022-02-25T22:31:32Z" level=info msg="Received Respone 10.6.30.151 Response: {\"ietf-yang-patch:yang-patch-status\":{\"patch-id\":\"as\",\"ok\":[null]}}"
time="2022-02-25T22:31:32Z" level=info msg="Received Respone 10.6.31.39 Response: {\"ietf-yang-patch:yang-patch-status\":{\"patch-id\":\"as\",\"ok\":[null]}}"
time="2022-02-25T22:31:32Z" level=info msg="Received Respone 10.6.30.12 Response: {\"ietf-yang-patch:yang-patch-status\":{\"patch-id\":\"as\",\"ok\":[null]}}"
time="2022-02-25T22:31:32Z" level=info msg="Received Respone 10.6.30.154 Response: {\"ietf-yang-patch:yang-patch-status\":{\"patch-id\":\"as\",\"ok\":[null]}}"
time="2022-02-25T22:31:32Z" level=info msg="Received Respone 10.6.30.56 Response: {\"ietf-yang-patch:yang-patch-status\":{\"patch-id\":\"as\",\"ok\":[null]}}"
time="2022-02-25T22:31:32Z" level=info msg="Received Respone 10.6.30.134 Response: {\"ietf-yang-patch:yang-patch-status\":{\"patch-id\":\"as\",\"ok\":[null]}}"
time="2022-02-25T22:31:32Z" level=info msg="Received Respone 10.6.31.97 Response: {\"ietf-yang-patch:yang-patch-status\":{\"patch-id\":\"as\",\"ok\":[null]}}"
time="2022-02-25T22:31:32Z" level=info msg="Received Respone 10.6.30.177 Response: {\"ietf-yang-patch:yang-patch-status\":{\"patch-id\":\"as\",\"ok\":[null]}}"
time="2022-02-25T22:31:32Z" level=info msg="Received Respone 10.6.31.6 Response: {\"ietf-yang-patch:yang-patch-status\":{\"patch-id\":\"as\",\"ok\":[null]}}"
time="2022-02-25T22:31:32Z" level=info msg="Received Respone 10.6.31.10 Response: {\"ietf-yang-patch:yang-patch-status\":{\"patch-id\":\"as\",\"ok\":[null]}}"
time="2022-02-25T22:31:32Z" level=info msg="Received Respone 10.6.30.100 Response: {\"ietf-yang-patch:yang-patch-status\":{\"patch-id\":\"as\",\"ok\":[null]}}"
time="2022-02-25T22:31:32Z" level=info msg="Received Respone 10.6.31.125 Response: {\"ietf-yang-patch:yang-patch-status\":{\"patch-id\":\"as\",\"ok\":[null]}}"
time="2022-02-25T22:31:32Z" level=info msg="Received Respone 10.6.31.3 Response: {\"ietf-yang-patch:yang-patch-status\":{\"patch-id\":\"as\",\"ok\":[null]}}"
time="2022-02-25T22:31:32Z" level=info msg="Received Respone 10.6.30.41 Response: {\"ietf-yang-patch:yang-patch-status\":{\"patch-id\":\"as\",\"ok\":[null]}}"
time="2022-02-25T22:31:32Z" level=info msg="Received Respone 10.6.31.137 Response: {\"ietf-yang-patch:yang-patch-status\":{\"patch-id\":\"as\",\"ok\":[null]}}"
time="2022-02-25T22:31:32Z" level=info msg="Received Respone 10.6.30.119 Response: {\"ietf-yang-patch:yang-patch-status\":{\"patch-id\":\"as\",\"ok\":[null]}}"
time="2022-02-25T22:31:32Z" level=info msg="Received Respone 10.6.30.48 Response: {\"ietf-yang-patch:yang-patch-status\":{\"patch-id\":\"as\",\"ok\":[null]}}"
time="2022-02-25T22:31:32Z" level=info msg="Received Respone 10.6.31.77 Response: {\"ietf-yang-patch:yang-patch-status\":{\"patch-id\":\"as\",\"ok\":[null]}}"
time="2022-02-25T22:31:32Z" level=info msg="Received Respone 10.6.31.76 Response: {\"ietf-yang-patch:yang-patch-status\":{\"patch-id\":\"as\",\"ok\":[null]}}"
time="2022-02-25T22:31:32Z" level=info msg="Received Respone 10.6.31.23 Response: {\"ietf-yang-patch:yang-patch-status\":{\"patch-id\":\"as\",\"ok\":[null]}}"
time="2022-02-25T22:31:32Z" level=info msg="Received Respone 10.6.30.94 Response: {\"ietf-yang-patch:yang-patch-status\":{\"patch-id\":\"as\",\"ok\":[null]}}"
time="2022-02-25T22:31:32Z" level=info msg="Received Respone 10.6.31.126 Response: {\"ietf-yang-patch:yang-patch-status\":{\"patch-id\":\"as\",\"ok\":[null]}}"
time="2022-02-25T22:31:32Z" level=info msg="Received Respone 10.6.30.91 Response: {\"ietf-yang-patch:yang-patch-status\":{\"patch-id\":\"as\",\"ok\":[null]}}"
time="2022-02-25T22:31:32Z" level=info msg="Received Respone 10.6.31.110 Response: {\"ietf-yang-patch:yang-patch-status\":{\"patch-id\":\"as\",\"ok\":[null]}}"
time="2022-02-25T22:31:33Z" level=info msg="Received Respone 10.6.30.58 Response: {\"ietf-yang-patch:yang-patch-status\":{\"patch-id\":\"as\",\"ok\":[null]}}"
time="2022-02-25T22:31:33Z" level=info msg="Received Respone 10.6.31.122 Response: {\"ietf-yang-patch:yang-patch-status\":{\"patch-id\":\"as\",\"ok\":[null]}}"
time="2022-02-25T22:31:33Z" level=info msg="Received Respone 10.6.31.60 Response: {\"ietf-yang-patch:yang-patch-status\":{\"patch-id\":\"as\",\"ok\":[null]}}"
time="2022-02-25T22:31:33Z" level=info msg="Received Respone 10.6.30.36 Response: {\"ietf-yang-patch:yang-patch-status\":{\"patch-id\":\"as\",\"ok\":[null]}}"
time="2022-02-25T22:31:33Z" level=info msg="Received Respone 10.6.30.45 Response: {\"ietf-yang-patch:yang-patch-status\":{\"patch-id\":\"as\",\"ok\":[null]}}"
time="2022-02-25T22:31:33Z" level=info msg="Received Respone 10.6.31.101 Response: {\"ietf-yang-patch:yang-patch-status\":{\"patch-id\":\"as\",\"ok\":[null]}}"
time="2022-02-25T22:31:33Z" level=info msg="Received Respone 10.6.30.140 Response: {\"ietf-yang-patch:yang-patch-status\":{\"patch-id\":\"as\",\"ok\":[null]}}"
time="2022-02-25T22:31:33Z" level=info msg="Received Respone 10.6.31.95 Response: {\"ietf-yang-patch:yang-patch-status\":{\"patch-id\":\"as\",\"ok\":[null]}}"
time="2022-02-25T22:31:33Z" level=info msg="Received Respone 10.6.30.131 Response: {\"ietf-yang-patch:yang-patch-status\":{\"patch-id\":\"as\",\"ok\":[null]}}"
time="2022-02-25T22:31:34Z" level=info msg="Received Respone 10.6.30.170 Response: {\"ietf-yang-patch:yang-patch-status\":{\"patch-id\":\"as\",\"ok\":[null]}}"
time="2022-02-25T22:31:34Z" level=info msg="Received Respone 10.6.31.83 Response: {\"ietf-yang-patch:yang-patch-status\":{\"patch-id\":\"as\",\"ok\":[null]}}"
time="2022-02-25T22:31:34Z" level=info msg="Received Respone 10.6.30.4 Response: {\"ietf-yang-patch:yang-patch-status\":{\"patch-id\":\"as\",\"ok\":[null]}}"
time="2022-02-25T22:31:34Z" level=info msg="Received Respone 10.6.31.32 Response: {\"ietf-yang-patch:yang-patch-status\":{\"patch-id\":\"as\",\"ok\":[null]}}"
time="2022-02-25T22:31:35Z" level=info msg="Received Respone 10.6.31.24 Response: {\"ietf-yang-patch:yang-patch-status\":{\"patch-id\":\"as\",\"ok\":[null]}}"
time="2022-02-25T22:31:35Z" level=info msg="Received Respone 10.6.30.32 Response: {\"ietf-yang-patch:yang-patch-status\":{\"patch-id\":\"as\",\"ok\":[null]}}"
time="2022-02-25T22:31:35Z" level=info msg="Received Respone 10.6.30.129 Response: {\"ietf-yang-patch:yang-patch-status\":{\"patch-id\":\"as\",\"ok\":[null]}}"
time="2022-02-25T22:31:35Z" level=info msg="Received Respone 10.6.30.65 Response: {\"ietf-yang-patch:yang-patch-status\":{\"patch-id\":\"as\",\"ok\":[null]}}"
time="2022-02-25T22:31:35Z" level=info msg="Received Respone 10.6.31.16 Response: {\"ietf-yang-patch:yang-patch-status\":{\"patch-id\":\"as\",\"ok\":[null]}}"
time="2022-02-25T22:31:35Z" level=info msg="Received Respone 10.6.31.104 Response: {\"ietf-yang-patch:yang-patch-status\":{\"patch-id\":\"as\",\"ok\":[null]}}"
time="2022-02-25T22:31:35Z" level=info msg="Received Respone 10.6.31.46 Response: {\"ietf-yang-patch:yang-patch-status\":{\"patch-id\":\"as\",\"ok\":[null]}}"
time="2022-02-25T22:31:35Z" level=info msg="Received Respone 10.6.30.9 Response: {\"ietf-yang-patch:yang-patch-status\":{\"patch-id\":\"as\",\"ok\":[null]}}"
time="2022-02-25T22:31:35Z" level=info msg="Received Respone 10.6.30.14 Response: {\"ietf-yang-patch:yang-patch-status\":{\"patch-id\":\"as\",\"ok\":[null]}}"
time="2022-02-25T22:31:35Z" level=info msg="Received Respone 10.6.30.85 Response: {\"ietf-yang-patch:yang-patch-status\":{\"patch-id\":\"as\",\"ok\":[null]}}"
time="2022-02-25T22:31:35Z" level=info msg="Received Respone 10.6.30.162 Response: {\"ietf-yang-patch:yang-patch-status\":{\"patch-id\":\"as\",\"ok\":[null]}}"
time="2022-02-25T22:31:36Z" level=info msg="Received Respone 10.6.31.22 Response: {\"ietf-yang-patch:yang-patch-status\":{\"patch-id\":\"as\",\"ok\":[null]}}"
time="2022-02-25T22:31:36Z" level=info msg="Received Respone 10.6.30.109 Response: {\"ietf-yang-patch:yang-patch-status\":{\"patch-id\":\"as\",\"ok\":[null]}}"
time="2022-02-25T22:31:36Z" level=info msg="Received Respone 10.6.30.113 Response: {\"ietf-yang-patch:yang-patch-status\":{\"patch-id\":\"as\",\"ok\":[null]}}"
time="2022-02-25T22:31:39Z" level=info msg="Received Respone 10.6.31.11 Response: {\"ietf-yang-patch:yang-patch-status\":{\"patch-id\":\"as\",\"ok\":[null]}}"
time="2022-02-25T22:31:39Z" level=info msg="Received Respone 10.6.30.185 Response: {\"ietf-yang-patch:yang-patch-status\":{\"patch-id\":\"as\",\"ok\":[null]}}"
time="2022-02-25T22:31:39Z" level=info msg="Received Respone 10.6.30.139 Response: {\"ietf-yang-patch:yang-patch-status\":{\"patch-id\":\"as\",\"ok\":[null]}}"
time="2022-02-25T22:31:39Z" level=info msg="Received Respone 10.6.31.88 Response: {\"ietf-yang-patch:yang-patch-status\":{\"patch-id\":\"as\",\"ok\":[null]}}"
time="2022-02-25T22:31:39Z" level=info msg="Received Respone 10.6.31.66 Response: {\"ietf-yang-patch:yang-patch-status\":{\"patch-id\":\"as\",\"ok\":[null]}}"
time="2022-02-25T22:31:39Z" level=info msg="Received Respone 10.6.30.147 Response: {\"ietf-yang-patch:yang-patch-status\":{\"patch-id\":\"as\",\"ok\":[null]}}"
time="2022-02-25T22:31:39Z" level=info msg="Received Respone 10.6.30.6 Response: {\"ietf-yang-patch:yang-patch-status\":{\"patch-id\":\"as\",\"ok\":[null]}}"
time="2022-02-25T22:31:39Z" level=info msg="Received Respone 10.6.30.116 Response: {\"ietf-yang-patch:yang-patch-status\":{\"patch-id\":\"as\",\"ok\":[null]}}"
time="2022-02-25T22:31:39Z" level=info msg="Received Respone 10.6.31.119 Response: {\"ietf-yang-patch:yang-patch-status\":{\"patch-id\":\"as\",\"ok\":[null]}}"
time="2022-02-25T22:31:39Z" level=info msg="Received Respone 10.6.30.167 Response: {\"ietf-yang-patch:yang-patch-status\":{\"patch-id\":\"as\",\"ok\":[null]}}"
time="2022-02-25T22:31:39Z" level=info msg="Received Respone 10.6.30.175 Response: {\"ietf-yang-patch:yang-patch-status\":{\"patch-id\":\"as\",\"ok\":[null]}}"
time="2022-02-25T22:31:40Z" level=info msg="Received Respone 10.6.30.146 Response: {\"ietf-yang-patch:yang-patch-status\":{\"patch-id\":\"as\",\"ok\":[null]}}"
time="2022-02-25T22:31:40Z" level=info msg="Received Respone 10.6.30.86 Response: {\"ietf-yang-patch:yang-patch-status\":{\"patch-id\":\"as\",\"ok\":[null]}}"
time="2022-02-25T22:31:40Z" level=info msg="Received Respone 10.6.31.92 Response: {\"ietf-yang-patch:yang-patch-status\":{\"patch-id\":\"as\",\"ok\":[null]}}"
time="2022-02-25T22:31:40Z" level=info msg="Received Respone 10.6.30.183 Response: {\"ietf-yang-patch:yang-patch-status\":{\"patch-id\":\"as\",\"ok\":[null]}}"
time="2022-02-25T22:31:40Z" level=info msg="Received Respone 10.6.31.47 Response: {\"ietf-yang-patch:yang-patch-status\":{\"patch-id\":\"as\",\"ok\":[null]}}"
time="2022-02-25T22:31:40Z" level=info msg="Received Respone 10.6.31.19 Response: {\"ietf-yang-patch:yang-patch-status\":{\"patch-id\":\"as\",\"ok\":[null]}}"
time="2022-02-25T22:31:40Z" level=info msg="Received Respone 10.6.30.120 Response: {\"ietf-yang-patch:yang-patch-status\":{\"patch-id\":\"as\",\"ok\":[null]}}"
time="2022-02-25T22:31:40Z" level=info msg="Received Respone 10.6.30.124 Response: {\"ietf-yang-patch:yang-patch-status\":{\"patch-id\":\"as\",\"ok\":[null]}}"
time="2022-02-25T22:31:40Z" level=info msg="Received Respone 10.6.31.2 Response: {\"ietf-yang-patch:yang-patch-status\":{\"patch-id\":\"as\",\"ok\":[null]}}"
time="2022-02-25T22:31:40Z" level=info msg="Received Respone 10.6.30.111 Response: {\"ietf-yang-patch:yang-patch-status\":{\"patch-id\":\"as\",\"ok\":[null]}}"
time="2022-02-25T22:31:40Z" level=info msg="Received Respone 10.6.30.10 Response: {\"ietf-yang-patch:yang-patch-status\":{\"patch-id\":\"as\",\"ok\":[null]}}"
time="2022-02-25T22:31:40Z" level=info msg="Received Respone 10.6.31.49 Response: {\"ietf-yang-patch:yang-patch-status\":{\"patch-id\":\"as\",\"ok\":[null]}}"
time="2022-02-25T22:31:40Z" level=info msg="Received Respone 10.6.31.91 Response: {\"ietf-yang-patch:yang-patch-status\":{\"patch-id\":\"as\",\"ok\":[null]}}"
time="2022-02-25T22:31:40Z" level=info msg="Received Respone 10.6.30.168 Response: {\"ietf-yang-patch:yang-patch-status\":{\"patch-id\":\"as\",\"ok\":[null]}}"
time="2022-02-25T22:31:40Z" level=info msg="Received Respone 10.6.30.98 Response: {\"ietf-yang-patch:yang-patch-status\":{\"patch-id\":\"as\",\"ok\":[null]}}"
time="2022-02-25T22:31:40Z" level=info msg="Received Respone 10.6.30.145 Response: {\"ietf-yang-patch:yang-patch-status\":{\"patch-id\":\"as\",\"ok\":[null]}}"
time="2022-02-25T22:31:40Z" level=info msg="Received Respone 10.6.30.69 Response: {\"ietf-yang-patch:yang-patch-status\":{\"patch-id\":\"as\",\"ok\":[null]}}"
time="2022-02-25T22:31:40Z" level=info msg="Received Respone 10.6.31.78 Response: {\"ietf-yang-patch:yang-patch-status\":{\"patch-id\":\"as\",\"ok\":[null]}}"
time="2022-02-25T22:31:40Z" level=info msg="Received Respone 10.6.30.71 Response: {\"ietf-yang-patch:yang-patch-status\":{\"patch-id\":\"as\",\"ok\":[null]}}"
time="2022-02-25T22:31:40Z" level=info msg="Received Respone 10.6.30.31 Response: {\"ietf-yang-patch:yang-patch-status\":{\"patch-id\":\"as\",\"ok\":[null]}}"
time="2022-02-25T22:31:40Z" level=info msg="Received Respone 10.6.31.15 Response: {\"ietf-yang-patch:yang-patch-status\":{\"patch-id\":\"as\",\"ok\":[null]}}"
time="2022-02-25T22:31:40Z" level=info msg="Received Respone 10.6.30.89 Response: {\"ietf-yang-patch:yang-patch-status\":{\"patch-id\":\"as\",\"ok\":[null]}}"
time="2022-02-25T22:31:40Z" level=info msg="Received Respone 10.6.30.96 Response: {\"ietf-yang-patch:yang-patch-status\":{\"patch-id\":\"as\",\"ok\":[null]}}"
time="2022-02-25T22:31:40Z" level=info msg="Number of Targeted NE: 300"
time="2022-02-25T22:31:40Z" level=info msg="Finished Concurrent Request"
time="2022-02-25T22:31:40Z" level=info msg="RestConf Async: false"
time="2022-02-25T22:31:40Z" level=info msg="Payload Size Per NE (Bytes): 233652"
time="2022-02-25T22:31:40Z" level=info msg="Payload Size Per NE (KiloBytes): 233.652"
time="2022-02-25T22:31:40Z" level=info msg="Payload Size Per NE (MegaBytes): 0.233652"
time="2022-02-25T22:31:40Z" level=info msg="Elapsed Time: 36.710413636s"
time="2022-02-25T22:31:40Z" level=info msg="revoke token is success: true"
